{"time":"2025-11-19T06:12:47.4789684+03:00","level":"INFO","source":{"function":"gw-notification/internal/app.NewApp","file":"D:/GolagProjects/varian A/gw-notification/internal/app/app.go","line":37},"msg":"инициализация gw-notification приложения"}
{"time":"2025-11-19T06:12:47.4937204+03:00","level":"INFO","source":{"function":"gw-notification/internal/app.NewApp","file":"D:/GolagProjects/varian A/gw-notification/internal/app/app.go","line":38},"msg":"конфигурация загружена","kafka_topic":"large-transfers","mongo_database":"notifications"}
{"time":"2025-11-19T06:12:47.4937204+03:00","level":"INFO","source":{"function":"gw-notification/internal/app.NewApp","file":"D:/GolagProjects/varian A/gw-notification/internal/app/app.go","line":43},"msg":"подключение к MongoDB","uri":"mongodb://admin:admin123@localhost:27017"}
{"time":"2025-11-19T06:15:20.8146619+03:00","level":"INFO","source":{"function":"gw-notification/internal/app.NewApp","file":"D:/GolagProjects/varian A/gw-notification/internal/app/app.go","line":37},"msg":"инициализация gw-notification приложения"}
{"time":"2025-11-19T06:15:20.8293275+03:00","level":"INFO","source":{"function":"gw-notification/internal/app.NewApp","file":"D:/GolagProjects/varian A/gw-notification/internal/app/app.go","line":38},"msg":"конфигурация загружена","kafka_topic":"large-transfers","mongo_database":"notifications"}
{"time":"2025-11-19T06:15:20.8293275+03:00","level":"INFO","source":{"function":"gw-notification/internal/app.NewApp","file":"D:/GolagProjects/varian A/gw-notification/internal/app/app.go","line":43},"msg":"подключение к MongoDB","uri":"mongodb://admin:admin123@localhost:27017"}
{"time":"2025-11-19T06:33:31.6370808+03:00","level":"INFO","source":{"function":"gw-notification/internal/app.NewApp","file":"D:/GolagProjects/varian A/gw-notification/internal/app/app.go","line":37},"msg":"инициализация gw-notification приложения"}
{"time":"2025-11-19T06:33:31.6504494+03:00","level":"INFO","source":{"function":"gw-notification/internal/app.NewApp","file":"D:/GolagProjects/varian A/gw-notification/internal/app/app.go","line":38},"msg":"конфигурация загружена","kafka_topic":"large-transfers","mongo_database":"notifications"}
{"time":"2025-11-19T06:33:31.6509782+03:00","level":"INFO","source":{"function":"gw-notification/internal/app.NewApp","file":"D:/GolagProjects/varian A/gw-notification/internal/app/app.go","line":43},"msg":"подключение к MongoDB","uri":"mongodb://admin:admin123@localhost:27017"}
{"time":"2025-11-19T06:33:31.6937154+03:00","level":"INFO","source":{"function":"gw-notification/internal/app.NewApp","file":"D:/GolagProjects/varian A/gw-notification/internal/app/app.go","line":57},"msg":"подключение к MongoDB установлено"}
{"time":"2025-11-19T06:33:31.6937154+03:00","level":"INFO","source":{"function":"gw-notification/internal/app.NewApp","file":"D:/GolagProjects/varian A/gw-notification/internal/app/app.go","line":60},"msg":"инициализация kafka consumer"}
{"time":"2025-11-19T06:33:31.7069168+03:00","level":"INFO","source":{"function":"gw-notification/internal/kafka.NewConsumer","file":"D:/GolagProjects/varian A/gw-notification/internal/kafka/consumer.go","line":37},"msg":"kafka consumer создан","group_id":"notification-service","topic":"large-transfers","workers":5}
{"time":"2025-11-19T06:33:31.7069168+03:00","level":"INFO","source":{"function":"gw-notification/internal/app.(*App).Run","file":"D:/GolagProjects/varian A/gw-notification/internal/app/app.go","line":82},"msg":"приложение запускается"}
{"time":"2025-11-19T06:33:31.7069168+03:00","level":"INFO","source":{"function":"gw-notification/internal/kafka.(*Consumer).Start","file":"D:/GolagProjects/varian A/gw-notification/internal/kafka/consumer.go","line":53},"msg":"запуск kafka consumer"}
{"time":"2025-11-19T06:33:31.708421+03:00","level":"INFO","source":{"function":"gw-notification/internal/app.(*App).Run","file":"D:/GolagProjects/varian A/gw-notification/internal/app/app.go","line":93},"msg":"kafka consumer запущен, ожидание сообщений..."}
{"time":"2025-11-19T06:33:31.708421+03:00","level":"INFO","source":{"function":"gw-notification/internal/kafka.(*Consumer).Start.func1","file":"D:/GolagProjects/varian A/gw-notification/internal/kafka/consumer.go","line":65},"msg":"воркер запущен","worker_id":3}
{"time":"2025-11-19T06:33:31.708421+03:00","level":"INFO","source":{"function":"gw-notification/internal/kafka.(*Consumer).Start.func1","file":"D:/GolagProjects/varian A/gw-notification/internal/kafka/consumer.go","line":65},"msg":"воркер запущен","worker_id":2}
{"time":"2025-11-19T06:33:31.708421+03:00","level":"INFO","source":{"function":"gw-notification/internal/kafka.(*Consumer).Start.func1","file":"D:/GolagProjects/varian A/gw-notification/internal/kafka/consumer.go","line":65},"msg":"воркер запущен","worker_id":0}
{"time":"2025-11-19T06:33:31.708421+03:00","level":"INFO","source":{"function":"gw-notification/internal/kafka.(*Consumer).Start.func1","file":"D:/GolagProjects/varian A/gw-notification/internal/kafka/consumer.go","line":65},"msg":"воркер запущен","worker_id":1}
{"time":"2025-11-19T06:33:31.708421+03:00","level":"INFO","source":{"function":"gw-notification/internal/kafka.(*Consumer).Start.func1","file":"D:/GolagProjects/varian A/gw-notification/internal/kafka/consumer.go","line":65},"msg":"воркер запущен","worker_id":4}
{"time":"2025-11-19T06:34:02.7727049+03:00","level":"INFO","source":{"function":"gw-notification/internal/app.(*App).Run","file":"D:/GolagProjects/varian A/gw-notification/internal/app/app.go","line":101},"msg":"получен сигнал завершения","signal":"interrupt"}
{"time":"2025-11-19T06:34:02.7727049+03:00","level":"INFO","source":{"function":"gw-notification/internal/app.(*App).Run","file":"D:/GolagProjects/varian A/gw-notification/internal/app/app.go","line":103},"msg":"приложение останавливается"}
{"time":"2025-11-19T06:34:02.7727049+03:00","level":"INFO","source":{"function":"gw-notification/internal/app.(*App).Run","file":"D:/GolagProjects/varian A/gw-notification/internal/app/app.go","line":109},"msg":"закрытие kafka consumer"}
{"time":"2025-11-19T06:34:02.7727049+03:00","level":"INFO","source":{"function":"gw-notification/internal/kafka.(*Consumer).Close","file":"D:/GolagProjects/varian A/gw-notification/internal/kafka/consumer.go","line":96},"msg":"закрытие kafka consumer"}
{"time":"2025-11-19T06:34:02.8597735+03:00","level":"ERROR","source":{"function":"gw-notification/internal/kafka.(*Consumer).Start.func1","file":"D:/GolagProjects/varian A/gw-notification/internal/kafka/consumer.go","line":70},"msg":"ошибка consume","worker_id":1,"error":"context canceled"}
{"time":"2025-11-19T06:34:02.8623+03:00","level":"ERROR","source":{"function":"gw-notification/internal/kafka.(*Consumer).Start.func1","file":"D:/GolagProjects/varian A/gw-notification/internal/kafka/consumer.go","line":70},"msg":"ошибка consume","worker_id":2,"error":"context canceled"}
{"time":"2025-11-19T06:34:02.8641818+03:00","level":"ERROR","source":{"function":"gw-notification/internal/kafka.(*Consumer).Start.func1","file":"D:/GolagProjects/varian A/gw-notification/internal/kafka/consumer.go","line":70},"msg":"ошибка consume","worker_id":0,"error":"context canceled"}
{"time":"2025-11-19T06:34:02.8646885+03:00","level":"ERROR","source":{"function":"gw-notification/internal/kafka.(*Consumer).Start.func1","file":"D:/GolagProjects/varian A/gw-notification/internal/kafka/consumer.go","line":70},"msg":"ошибка consume","worker_id":4,"error":"context canceled"}
{"time":"2025-11-19T06:34:02.8752394+03:00","level":"INFO","source":{"function":"gw-notification/internal/kafka.(*Consumer).Close","file":"D:/GolagProjects/varian A/gw-notification/internal/kafka/consumer.go","line":103},"msg":"kafka consumer закрыт"}
{"time":"2025-11-19T06:34:02.8752394+03:00","level":"INFO","source":{"function":"gw-notification/internal/app.(*App).Run","file":"D:/GolagProjects/varian A/gw-notification/internal/app/app.go","line":115},"msg":"закрытие соединения с MongoDB"}
{"time":"2025-11-19T06:34:02.8808732+03:00","level":"INFO","source":{"function":"gw-notification/internal/app.(*App).Run","file":"D:/GolagProjects/varian A/gw-notification/internal/app/app.go","line":124},"msg":"закрытие файла логов"}
{"time":"2025-11-19T06:34:02.8808732+03:00","level":"INFO","source":{"function":"gw-notification/internal/app.(*App).Run","file":"D:/GolagProjects/varian A/gw-notification/internal/app/app.go","line":131},"msg":"приложение остановлено корректно"}
{"time":"2025-11-19T06:34:04.337623+03:00","level":"INFO","source":{"function":"gw-notification/internal/app.NewApp","file":"D:/GolagProjects/varian A/gw-notification/internal/app/app.go","line":37},"msg":"инициализация gw-notification приложения"}
{"time":"2025-11-19T06:34:04.3515625+03:00","level":"INFO","source":{"function":"gw-notification/internal/app.NewApp","file":"D:/GolagProjects/varian A/gw-notification/internal/app/app.go","line":38},"msg":"конфигурация загружена","kafka_topic":"large-transfers","mongo_database":"notifications"}
{"time":"2025-11-19T06:34:04.3515625+03:00","level":"INFO","source":{"function":"gw-notification/internal/app.NewApp","file":"D:/GolagProjects/varian A/gw-notification/internal/app/app.go","line":43},"msg":"подключение к MongoDB","uri":"mongodb://admin:admin123@localhost:27017"}
{"time":"2025-11-19T06:34:04.3672396+03:00","level":"INFO","source":{"function":"gw-notification/internal/app.NewApp","file":"D:/GolagProjects/varian A/gw-notification/internal/app/app.go","line":57},"msg":"подключение к MongoDB установлено"}
{"time":"2025-11-19T06:34:04.3672396+03:00","level":"INFO","source":{"function":"gw-notification/internal/app.NewApp","file":"D:/GolagProjects/varian A/gw-notification/internal/app/app.go","line":60},"msg":"инициализация kafka consumer"}
{"time":"2025-11-19T06:34:04.3705321+03:00","level":"INFO","source":{"function":"gw-notification/internal/kafka.NewConsumer","file":"D:/GolagProjects/varian A/gw-notification/internal/kafka/consumer.go","line":37},"msg":"kafka consumer создан","group_id":"notification-service","topic":"large-transfers","workers":5}
{"time":"2025-11-19T06:34:04.3705321+03:00","level":"INFO","source":{"function":"gw-notification/internal/app.(*App).Run","file":"D:/GolagProjects/varian A/gw-notification/internal/app/app.go","line":82},"msg":"приложение запускается"}
{"time":"2025-11-19T06:34:04.3715382+03:00","level":"INFO","source":{"function":"gw-notification/internal/kafka.(*Consumer).Start","file":"D:/GolagProjects/varian A/gw-notification/internal/kafka/consumer.go","line":53},"msg":"запуск kafka consumer"}
{"time":"2025-11-19T06:34:04.3715382+03:00","level":"INFO","source":{"function":"gw-notification/internal/app.(*App).Run","file":"D:/GolagProjects/varian A/gw-notification/internal/app/app.go","line":93},"msg":"kafka consumer запущен, ожидание сообщений..."}
{"time":"2025-11-19T06:34:04.3715382+03:00","level":"INFO","source":{"function":"gw-notification/internal/kafka.(*Consumer).Start.func1","file":"D:/GolagProjects/varian A/gw-notification/internal/kafka/consumer.go","line":65},"msg":"воркер запущен","worker_id":0}
{"time":"2025-11-19T06:34:04.3715382+03:00","level":"INFO","source":{"function":"gw-notification/internal/kafka.(*Consumer).Start.func1","file":"D:/GolagProjects/varian A/gw-notification/internal/kafka/consumer.go","line":65},"msg":"воркер запущен","worker_id":1}
{"time":"2025-11-19T06:34:04.3715382+03:00","level":"INFO","source":{"function":"gw-notification/internal/kafka.(*Consumer).Start.func1","file":"D:/GolagProjects/varian A/gw-notification/internal/kafka/consumer.go","line":65},"msg":"воркер запущен","worker_id":3}
{"time":"2025-11-19T06:34:04.3715382+03:00","level":"INFO","source":{"function":"gw-notification/internal/kafka.(*Consumer).Start.func1","file":"D:/GolagProjects/varian A/gw-notification/internal/kafka/consumer.go","line":65},"msg":"воркер запущен","worker_id":2}
{"time":"2025-11-19T06:34:04.3715382+03:00","level":"INFO","source":{"function":"gw-notification/internal/kafka.(*Consumer).Start.func1","file":"D:/GolagProjects/varian A/gw-notification/internal/kafka/consumer.go","line":65},"msg":"воркер запущен","worker_id":4}
{"time":"2025-11-19T07:26:37.7083126+03:00","level":"INFO","source":{"function":"gw-notification/internal/kafka.(*consumerGroupHandler).processMessage","file":"D:/GolagProjects/varian A/gw-notification/internal/kafka/consumer.go","line":166},"msg":"уведомление успешно сохранено","transaction_id":"exchange-large-001","user_id":"7fbb4eef-6b08-4e46-bd04-e663ee6d5bc8","amount":35000,"from":"USD","to":"RUB"}
{"time":"2025-11-19T07:30:09.1251514+03:00","level":"INFO","source":{"function":"gw-notification/internal/kafka.(*consumerGroupHandler).processMessage","file":"D:/GolagProjects/varian A/gw-notification/internal/kafka/consumer.go","line":166},"msg":"уведомление успешно сохранено","transaction_id":"exchange-large-002","user_id":"7fbb4eef-6b08-4e46-bd04-e663ee6d5bc8","amount":35000,"from":"USD","to":"RUB"}
{"time":"2025-11-19T07:34:36.6402704+03:00","level":"INFO","source":{"function":"gw-notification/internal/app.(*App).Run","file":"D:/GolagProjects/varian A/gw-notification/internal/app/app.go","line":101},"msg":"получен сигнал завершения","signal":"terminated"}
{"time":"2025-11-19T07:34:36.6402704+03:00","level":"INFO","source":{"function":"gw-notification/internal/app.(*App).Run","file":"D:/GolagProjects/varian A/gw-notification/internal/app/app.go","line":103},"msg":"приложение останавливается"}
{"time":"2025-11-19T07:34:36.6402704+03:00","level":"INFO","source":{"function":"gw-notification/internal/app.(*App).Run","file":"D:/GolagProjects/varian A/gw-notification/internal/app/app.go","line":109},"msg":"закрытие kafka consumer"}
{"time":"2025-11-19T07:34:36.6402704+03:00","level":"INFO","source":{"function":"gw-notification/internal/kafka.(*Consumer).Close","file":"D:/GolagProjects/varian A/gw-notification/internal/kafka/consumer.go","line":96},"msg":"закрытие kafka consumer"}
{"time":"2025-11-19T07:34:36.7949981+03:00","level":"ERROR","source":{"function":"gw-notification/internal/kafka.(*Consumer).Start.func1","file":"D:/GolagProjects/varian A/gw-notification/internal/kafka/consumer.go","line":70},"msg":"ошибка consume","worker_id":1,"error":"context canceled"}
{"time":"2025-11-19T07:34:36.795818+03:00","level":"ERROR","source":{"function":"gw-notification/internal/kafka.(*Consumer).Start.func1","file":"D:/GolagProjects/varian A/gw-notification/internal/kafka/consumer.go","line":70},"msg":"ошибка consume","worker_id":3,"error":"context canceled"}
{"time":"2025-11-19T07:34:36.796323+03:00","level":"ERROR","source":{"function":"gw-notification/internal/kafka.(*Consumer).Start.func1","file":"D:/GolagProjects/varian A/gw-notification/internal/kafka/consumer.go","line":70},"msg":"ошибка consume","worker_id":2,"error":"context canceled"}
{"time":"2025-11-19T07:34:36.7974+03:00","level":"ERROR","source":{"function":"gw-notification/internal/kafka.(*Consumer).Start.func1","file":"D:/GolagProjects/varian A/gw-notification/internal/kafka/consumer.go","line":70},"msg":"ошибка consume","worker_id":4,"error":"context canceled"}
{"time":"2025-11-19T07:34:36.8016909+03:00","level":"INFO","source":{"function":"gw-notification/internal/kafka.(*Consumer).Close","file":"D:/GolagProjects/varian A/gw-notification/internal/kafka/consumer.go","line":103},"msg":"kafka consumer закрыт"}
{"time":"2025-11-19T07:34:36.8025217+03:00","level":"INFO","source":{"function":"gw-notification/internal/app.(*App).Run","file":"D:/GolagProjects/varian A/gw-notification/internal/app/app.go","line":115},"msg":"закрытие соединения с MongoDB"}
{"time":"2025-11-19T07:34:36.8056416+03:00","level":"INFO","source":{"function":"gw-notification/internal/app.(*App).Run","file":"D:/GolagProjects/varian A/gw-notification/internal/app/app.go","line":124},"msg":"закрытие файла логов"}
{"time":"2025-11-19T07:34:36.8067961+03:00","level":"INFO","source":{"function":"gw-notification/internal/app.(*App).Run","file":"D:/GolagProjects/varian A/gw-notification/internal/app/app.go","line":131},"msg":"приложение остановлено корректно"}
{"time":"2025-11-22T18:38:53.9249876+03:00","level":"INFO","source":{"function":"gw-notification/internal/app.NewApp","file":"D:/GolagProjects/varian A/gw-notification/internal/app/app.go","line":37},"msg":"инициализация gw-notification приложения"}
{"time":"2025-11-22T18:38:53.9731656+03:00","level":"INFO","source":{"function":"gw-notification/internal/app.NewApp","file":"D:/GolagProjects/varian A/gw-notification/internal/app/app.go","line":38},"msg":"конфигурация загружена","kafka_topic":"large-transfers","mongo_database":"notifications"}
{"time":"2025-11-22T18:38:53.98059+03:00","level":"INFO","source":{"function":"gw-notification/internal/app.NewApp","file":"D:/GolagProjects/varian A/gw-notification/internal/app/app.go","line":43},"msg":"подключение к MongoDB","uri":"mongodb://admin:admin123@localhost:27017"}
{"time":"2025-11-22T18:38:54.0910783+03:00","level":"INFO","source":{"function":"gw-notification/internal/app.NewApp","file":"D:/GolagProjects/varian A/gw-notification/internal/app/app.go","line":57},"msg":"подключение к MongoDB установлено"}
{"time":"2025-11-22T18:38:54.0958051+03:00","level":"INFO","source":{"function":"gw-notification/internal/app.NewApp","file":"D:/GolagProjects/varian A/gw-notification/internal/app/app.go","line":60},"msg":"инициализация kafka consumer"}
{"time":"2025-11-22T19:31:12.3673486+03:00","level":"INFO","source":{"function":"gw-notification/internal/app.NewApp","file":"D:/GolagProjects/varian A/gw-notification/internal/app/app.go","line":37},"msg":"инициализация gw-notification приложения"}
{"time":"2025-11-22T19:31:12.381463+03:00","level":"INFO","source":{"function":"gw-notification/internal/app.NewApp","file":"D:/GolagProjects/varian A/gw-notification/internal/app/app.go","line":38},"msg":"конфигурация загружена","kafka_topic":"large-transfers","mongo_database":"notifications"}
{"time":"2025-11-22T19:31:12.381463+03:00","level":"INFO","source":{"function":"gw-notification/internal/app.NewApp","file":"D:/GolagProjects/varian A/gw-notification/internal/app/app.go","line":43},"msg":"подключение к MongoDB","uri":"mongodb://admin:admin123@localhost:27017"}
{"time":"2025-11-22T19:31:12.4249515+03:00","level":"INFO","source":{"function":"gw-notification/internal/app.NewApp","file":"D:/GolagProjects/varian A/gw-notification/internal/app/app.go","line":57},"msg":"подключение к MongoDB установлено"}
{"time":"2025-11-22T19:31:12.4249515+03:00","level":"INFO","source":{"function":"gw-notification/internal/app.NewApp","file":"D:/GolagProjects/varian A/gw-notification/internal/app/app.go","line":60},"msg":"инициализация kafka consumer"}
{"time":"2025-11-22T19:31:12.4308616+03:00","level":"INFO","source":{"function":"gw-notification/internal/kafka.NewConsumer","file":"D:/GolagProjects/varian A/gw-notification/internal/kafka/consumer.go","line":37},"msg":"kafka consumer создан","group_id":"notification-service","topic":"large-transfers","workers":5}
{"time":"2025-11-22T19:31:12.4313664+03:00","level":"INFO","source":{"function":"gw-notification/internal/app.(*App).Run","file":"D:/GolagProjects/varian A/gw-notification/internal/app/app.go","line":82},"msg":"приложение запускается"}
{"time":"2025-11-22T19:31:12.4313664+03:00","level":"INFO","source":{"function":"gw-notification/internal/kafka.(*Consumer).Start","file":"D:/GolagProjects/varian A/gw-notification/internal/kafka/consumer.go","line":53},"msg":"запуск kafka consumer"}
{"time":"2025-11-22T19:31:12.4313664+03:00","level":"INFO","source":{"function":"gw-notification/internal/app.(*App).Run","file":"D:/GolagProjects/varian A/gw-notification/internal/app/app.go","line":93},"msg":"kafka consumer запущен, ожидание сообщений..."}
{"time":"2025-11-22T19:31:12.4313664+03:00","level":"INFO","source":{"function":"gw-notification/internal/kafka.(*Consumer).Start.func1","file":"D:/GolagProjects/varian A/gw-notification/internal/kafka/consumer.go","line":65},"msg":"воркер запущен","worker_id":1}
{"time":"2025-11-22T19:31:12.4313664+03:00","level":"INFO","source":{"function":"gw-notification/internal/kafka.(*Consumer).Start.func1","file":"D:/GolagProjects/varian A/gw-notification/internal/kafka/consumer.go","line":65},"msg":"воркер запущен","worker_id":3}
{"time":"2025-11-22T19:31:12.4313664+03:00","level":"INFO","source":{"function":"gw-notification/internal/kafka.(*Consumer).Start.func1","file":"D:/GolagProjects/varian A/gw-notification/internal/kafka/consumer.go","line":65},"msg":"воркер запущен","worker_id":2}
{"time":"2025-11-22T19:31:12.4313664+03:00","level":"INFO","source":{"function":"gw-notification/internal/kafka.(*Consumer).Start.func1","file":"D:/GolagProjects/varian A/gw-notification/internal/kafka/consumer.go","line":65},"msg":"воркер запущен","worker_id":0}
{"time":"2025-11-22T19:31:12.4313664+03:00","level":"INFO","source":{"function":"gw-notification/internal/kafka.(*Consumer).Start.func1","file":"D:/GolagProjects/varian A/gw-notification/internal/kafka/consumer.go","line":65},"msg":"воркер запущен","worker_id":4}
{"time":"2025-11-22T19:33:39.4479816+03:00","level":"ERROR","source":{"function":"gw-notification/internal/kafka.(*Consumer).Start.func2","file":"D:/GolagProjects/varian A/gw-notification/internal/kafka/consumer.go","line":87},"msg":"ошибка consumer group","error":"kafka: error while consuming large-transfers/0: EOF"}
{"time":"2025-11-22T19:33:39.8349546+03:00","level":"ERROR","source":{"function":"gw-notification/internal/kafka.(*Consumer).Start.func2","file":"D:/GolagProjects/varian A/gw-notification/internal/kafka/consumer.go","line":87},"msg":"ошибка consumer group","error":"read tcp [::1]:59889->[::1]:9092: wsarecv: An established connection was aborted by the software in your host machine."}
{"time":"2025-11-22T19:35:10.5941832+03:00","level":"ERROR","source":{"function":"gw-notification/internal/kafka.(*Consumer).Start.func1","file":"D:/GolagProjects/varian A/gw-notification/internal/kafka/consumer.go","line":70},"msg":"ошибка consume","worker_id":4,"error":"kafka: client has run out of available brokers to talk to: dial tcp [::1]:9092: connectex: No connection could be made because the target machine actively refused it."}
{"time":"2025-11-22T19:35:11.3479957+03:00","level":"ERROR","source":{"function":"gw-notification/internal/kafka.(*Consumer).Start.func1","file":"D:/GolagProjects/varian A/gw-notification/internal/kafka/consumer.go","line":70},"msg":"ошибка consume","worker_id":1,"error":"kafka: client has run out of available brokers to talk to: dial tcp [::1]:9092: connectex: No connection could be made because the target machine actively refused it."}
{"time":"2025-11-22T19:35:12.1018428+03:00","level":"ERROR","source":{"function":"gw-notification/internal/kafka.(*Consumer).Start.func1","file":"D:/GolagProjects/varian A/gw-notification/internal/kafka/consumer.go","line":70},"msg":"ошибка consume","worker_id":3,"error":"kafka: client has run out of available brokers to talk to: dial tcp [::1]:9092: connectex: No connection could be made because the target machine actively refused it."}
{"time":"2025-11-22T19:35:12.8564966+03:00","level":"ERROR","source":{"function":"gw-notification/internal/kafka.(*Consumer).Start.func1","file":"D:/GolagProjects/varian A/gw-notification/internal/kafka/consumer.go","line":70},"msg":"ошибка consume","worker_id":2,"error":"kafka: client has run out of available brokers to talk to: dial tcp [::1]:9092: connectex: No connection could be made because the target machine actively refused it."}
{"time":"2025-11-22T19:35:13.6109353+03:00","level":"ERROR","source":{"function":"gw-notification/internal/kafka.(*Consumer).Start.func1","file":"D:/GolagProjects/varian A/gw-notification/internal/kafka/consumer.go","line":70},"msg":"ошибка consume","worker_id":0,"error":"kafka: client has run out of available brokers to talk to: dial tcp [::1]:9092: connectex: No connection could be made because the target machine actively refused it."}
{"time":"2025-11-22T20:05:28.8033531+03:00","level":"INFO","source":{"function":"gw-notification/internal/app.(*App).Run","file":"D:/GolagProjects/varian A/gw-notification/internal/app/app.go","line":101},"msg":"получен сигнал завершения","signal":"interrupt"}
{"time":"2025-11-22T20:05:28.8041654+03:00","level":"INFO","source":{"function":"gw-notification/internal/app.(*App).Run","file":"D:/GolagProjects/varian A/gw-notification/internal/app/app.go","line":103},"msg":"приложение останавливается"}
{"time":"2025-11-22T20:05:28.8047077+03:00","level":"INFO","source":{"function":"gw-notification/internal/app.(*App).Run","file":"D:/GolagProjects/varian A/gw-notification/internal/app/app.go","line":109},"msg":"закрытие kafka consumer"}
{"time":"2025-11-22T20:05:28.8047077+03:00","level":"INFO","source":{"function":"gw-notification/internal/kafka.(*Consumer).Close","file":"D:/GolagProjects/varian A/gw-notification/internal/kafka/consumer.go","line":96},"msg":"закрытие kafka consumer"}
{"time":"2025-11-22T20:05:28.8200123+03:00","level":"ERROR","source":{"function":"gw-notification/internal/app.(*App).Run","file":"D:/GolagProjects/varian A/gw-notification/internal/app/app.go","line":111},"msg":"ошибка при закрытии kafka consumer","error":"failed to close consumer group: kafka server: Request was for a consumer group that is not coordinated by this broker"}
{"time":"2025-11-22T20:05:28.8205413+03:00","level":"INFO","source":{"function":"gw-notification/internal/app.(*App).Run","file":"D:/GolagProjects/varian A/gw-notification/internal/app/app.go","line":115},"msg":"закрытие соединения с MongoDB"}
{"time":"2025-11-22T20:05:28.8343299+03:00","level":"INFO","source":{"function":"gw-notification/internal/app.(*App).Run","file":"D:/GolagProjects/varian A/gw-notification/internal/app/app.go","line":124},"msg":"закрытие файла логов"}
{"time":"2025-11-22T20:05:28.8343299+03:00","level":"INFO","source":{"function":"gw-notification/internal/app.(*App).Run","file":"D:/GolagProjects/varian A/gw-notification/internal/app/app.go","line":131},"msg":"приложение остановлено корректно"}
{"time":"2025-11-22T20:05:30.2558752+03:00","level":"INFO","source":{"function":"gw-notification/internal/app.NewApp","file":"D:/GolagProjects/varian A/gw-notification/internal/app/app.go","line":37},"msg":"инициализация gw-notification приложения"}
{"time":"2025-11-22T20:05:30.2784095+03:00","level":"INFO","source":{"function":"gw-notification/internal/app.NewApp","file":"D:/GolagProjects/varian A/gw-notification/internal/app/app.go","line":38},"msg":"конфигурация загружена","kafka_topic":"large-transfers","mongo_database":"notifications"}
{"time":"2025-11-22T20:05:30.2784095+03:00","level":"INFO","source":{"function":"gw-notification/internal/app.NewApp","file":"D:/GolagProjects/varian A/gw-notification/internal/app/app.go","line":43},"msg":"подключение к MongoDB","uri":"mongodb://admin:admin123@localhost:27017"}
{"time":"2025-11-22T20:05:30.3506615+03:00","level":"INFO","source":{"function":"gw-notification/internal/app.NewApp","file":"D:/GolagProjects/varian A/gw-notification/internal/app/app.go","line":57},"msg":"подключение к MongoDB установлено"}
{"time":"2025-11-22T20:05:30.3506615+03:00","level":"INFO","source":{"function":"gw-notification/internal/app.NewApp","file":"D:/GolagProjects/varian A/gw-notification/internal/app/app.go","line":60},"msg":"инициализация kafka consumer"}
{"time":"2025-11-22T20:05:30.3557964+03:00","level":"INFO","source":{"function":"gw-notification/internal/kafka.NewConsumer","file":"D:/GolagProjects/varian A/gw-notification/internal/kafka/consumer.go","line":37},"msg":"kafka consumer создан","group_id":"notification-service","topic":"large-transfers","workers":5}
{"time":"2025-11-22T20:05:30.3557964+03:00","level":"INFO","source":{"function":"gw-notification/internal/app.(*App).Run","file":"D:/GolagProjects/varian A/gw-notification/internal/app/app.go","line":82},"msg":"приложение запускается"}
{"time":"2025-11-22T20:05:30.3557964+03:00","level":"INFO","source":{"function":"gw-notification/internal/kafka.(*Consumer).Start","file":"D:/GolagProjects/varian A/gw-notification/internal/kafka/consumer.go","line":53},"msg":"запуск kafka consumer"}
{"time":"2025-11-22T20:05:30.3557964+03:00","level":"INFO","source":{"function":"gw-notification/internal/app.(*App).Run","file":"D:/GolagProjects/varian A/gw-notification/internal/app/app.go","line":93},"msg":"kafka consumer запущен, ожидание сообщений..."}
{"time":"2025-11-22T20:05:30.3557964+03:00","level":"INFO","source":{"function":"gw-notification/internal/kafka.(*Consumer).Start.func1","file":"D:/GolagProjects/varian A/gw-notification/internal/kafka/consumer.go","line":65},"msg":"воркер запущен","worker_id":0}
{"time":"2025-11-22T20:05:30.3557964+03:00","level":"INFO","source":{"function":"gw-notification/internal/kafka.(*Consumer).Start.func1","file":"D:/GolagProjects/varian A/gw-notification/internal/kafka/consumer.go","line":65},"msg":"воркер запущен","worker_id":2}
{"time":"2025-11-22T20:05:30.3557964+03:00","level":"INFO","source":{"function":"gw-notification/internal/kafka.(*Consumer).Start.func1","file":"D:/GolagProjects/varian A/gw-notification/internal/kafka/consumer.go","line":65},"msg":"воркер запущен","worker_id":3}
{"time":"2025-11-22T20:05:30.3557964+03:00","level":"INFO","source":{"function":"gw-notification/internal/kafka.(*Consumer).Start.func1","file":"D:/GolagProjects/varian A/gw-notification/internal/kafka/consumer.go","line":65},"msg":"воркер запущен","worker_id":4}
{"time":"2025-11-22T20:05:30.3557964+03:00","level":"INFO","source":{"function":"gw-notification/internal/kafka.(*Consumer).Start.func1","file":"D:/GolagProjects/varian A/gw-notification/internal/kafka/consumer.go","line":65},"msg":"воркер запущен","worker_id":1}
{"time":"2025-11-22T20:08:41.7681381+03:00","level":"INFO","source":{"function":"gw-notification/internal/app.(*App).Run","file":"D:/GolagProjects/varian A/gw-notification/internal/app/app.go","line":101},"msg":"получен сигнал завершения","signal":"interrupt"}
{"time":"2025-11-22T20:08:41.7681381+03:00","level":"INFO","source":{"function":"gw-notification/internal/app.(*App).Run","file":"D:/GolagProjects/varian A/gw-notification/internal/app/app.go","line":103},"msg":"приложение останавливается"}
{"time":"2025-11-22T20:08:41.7681381+03:00","level":"INFO","source":{"function":"gw-notification/internal/app.(*App).Run","file":"D:/GolagProjects/varian A/gw-notification/internal/app/app.go","line":109},"msg":"закрытие kafka consumer"}
{"time":"2025-11-22T20:08:41.7681381+03:00","level":"INFO","source":{"function":"gw-notification/internal/kafka.(*Consumer).Close","file":"D:/GolagProjects/varian A/gw-notification/internal/kafka/consumer.go","line":96},"msg":"закрытие kafka consumer"}
{"time":"2025-11-22T20:08:42.1532113+03:00","level":"ERROR","source":{"function":"gw-notification/internal/kafka.(*Consumer).Start.func1","file":"D:/GolagProjects/varian A/gw-notification/internal/kafka/consumer.go","line":70},"msg":"ошибка consume","worker_id":1,"error":"context canceled"}
{"time":"2025-11-22T20:08:42.1537153+03:00","level":"ERROR","source":{"function":"gw-notification/internal/kafka.(*Consumer).Start.func1","file":"D:/GolagProjects/varian A/gw-notification/internal/kafka/consumer.go","line":70},"msg":"ошибка consume","worker_id":2,"error":"context canceled"}
{"time":"2025-11-22T20:08:42.1547908+03:00","level":"ERROR","source":{"function":"gw-notification/internal/kafka.(*Consumer).Start.func1","file":"D:/GolagProjects/varian A/gw-notification/internal/kafka/consumer.go","line":70},"msg":"ошибка consume","worker_id":3,"error":"context canceled"}
{"time":"2025-11-22T20:08:42.1552957+03:00","level":"ERROR","source":{"function":"gw-notification/internal/kafka.(*Consumer).Start.func1","file":"D:/GolagProjects/varian A/gw-notification/internal/kafka/consumer.go","line":70},"msg":"ошибка consume","worker_id":4,"error":"context canceled"}
{"time":"2025-11-22T20:08:42.1614673+03:00","level":"INFO","source":{"function":"gw-notification/internal/kafka.(*Consumer).Close","file":"D:/GolagProjects/varian A/gw-notification/internal/kafka/consumer.go","line":103},"msg":"kafka consumer закрыт"}
{"time":"2025-11-22T20:08:42.1619736+03:00","level":"INFO","source":{"function":"gw-notification/internal/app.(*App).Run","file":"D:/GolagProjects/varian A/gw-notification/internal/app/app.go","line":115},"msg":"закрытие соединения с MongoDB"}
{"time":"2025-11-22T20:08:42.1637759+03:00","level":"INFO","source":{"function":"gw-notification/internal/app.(*App).Run","file":"D:/GolagProjects/varian A/gw-notification/internal/app/app.go","line":124},"msg":"закрытие файла логов"}
{"time":"2025-11-22T20:08:42.1641297+03:00","level":"INFO","source":{"function":"gw-notification/internal/app.(*App).Run","file":"D:/GolagProjects/varian A/gw-notification/internal/app/app.go","line":131},"msg":"приложение остановлено корректно"}
{"time":"2025-11-22T20:52:54.5773691+03:00","level":"INFO","source":{"function":"gw-notification/internal/app.NewApp","file":"D:/GolagProjects/varian A/gw-notification/internal/app/app.go","line":37},"msg":"инициализация gw-notification приложения"}
{"time":"2025-11-22T20:52:54.5907154+03:00","level":"INFO","source":{"function":"gw-notification/internal/app.NewApp","file":"D:/GolagProjects/varian A/gw-notification/internal/app/app.go","line":38},"msg":"конфигурация загружена","kafka_topic":"large-transfers","mongo_database":"notifications"}
{"time":"2025-11-22T20:52:54.5907154+03:00","level":"INFO","source":{"function":"gw-notification/internal/app.NewApp","file":"D:/GolagProjects/varian A/gw-notification/internal/app/app.go","line":43},"msg":"подключение к MongoDB","uri":"mongodb://admin:admin123@localhost:27017"}
{"time":"2025-11-22T20:52:54.6321851+03:00","level":"INFO","source":{"function":"gw-notification/internal/app.NewApp","file":"D:/GolagProjects/varian A/gw-notification/internal/app/app.go","line":57},"msg":"подключение к MongoDB установлено"}
{"time":"2025-11-22T20:52:54.6321851+03:00","level":"INFO","source":{"function":"gw-notification/internal/app.NewApp","file":"D:/GolagProjects/varian A/gw-notification/internal/app/app.go","line":60},"msg":"инициализация kafka consumer"}
{"time":"2025-11-22T20:52:54.6374662+03:00","level":"INFO","source":{"function":"gw-notification/internal/kafka.NewConsumer","file":"D:/GolagProjects/varian A/gw-notification/internal/kafka/consumer.go","line":37},"msg":"kafka consumer создан","group_id":"notification-service","topic":"large-transfers","workers":5}
{"time":"2025-11-22T20:52:54.6374662+03:00","level":"INFO","source":{"function":"gw-notification/internal/app.(*App).Run","file":"D:/GolagProjects/varian A/gw-notification/internal/app/app.go","line":82},"msg":"приложение запускается"}
{"time":"2025-11-22T20:52:54.6374662+03:00","level":"INFO","source":{"function":"gw-notification/internal/kafka.(*Consumer).Start","file":"D:/GolagProjects/varian A/gw-notification/internal/kafka/consumer.go","line":53},"msg":"запуск kafka consumer"}
{"time":"2025-11-22T20:52:54.6374662+03:00","level":"INFO","source":{"function":"gw-notification/internal/app.(*App).Run","file":"D:/GolagProjects/varian A/gw-notification/internal/app/app.go","line":93},"msg":"kafka consumer запущен, ожидание сообщений..."}
{"time":"2025-11-22T20:52:54.6379715+03:00","level":"INFO","source":{"function":"gw-notification/internal/kafka.(*Consumer).Start.func1","file":"D:/GolagProjects/varian A/gw-notification/internal/kafka/consumer.go","line":65},"msg":"воркер запущен","worker_id":2}
{"time":"2025-11-22T20:52:54.6379715+03:00","level":"INFO","source":{"function":"gw-notification/internal/kafka.(*Consumer).Start.func1","file":"D:/GolagProjects/varian A/gw-notification/internal/kafka/consumer.go","line":65},"msg":"воркер запущен","worker_id":0}
{"time":"2025-11-22T20:52:54.6379715+03:00","level":"INFO","source":{"function":"gw-notification/internal/kafka.(*Consumer).Start.func1","file":"D:/GolagProjects/varian A/gw-notification/internal/kafka/consumer.go","line":65},"msg":"воркер запущен","worker_id":3}
{"time":"2025-11-22T20:52:54.6379715+03:00","level":"INFO","source":{"function":"gw-notification/internal/kafka.(*Consumer).Start.func1","file":"D:/GolagProjects/varian A/gw-notification/internal/kafka/consumer.go","line":65},"msg":"воркер запущен","worker_id":1}
{"time":"2025-11-22T20:52:54.6379715+03:00","level":"INFO","source":{"function":"gw-notification/internal/kafka.(*Consumer).Start.func1","file":"D:/GolagProjects/varian A/gw-notification/internal/kafka/consumer.go","line":65},"msg":"воркер запущен","worker_id":4}
{"time":"2025-11-22T20:53:27.5180559+03:00","level":"INFO","source":{"function":"gw-notification/internal/app.(*App).Run","file":"D:/GolagProjects/varian A/gw-notification/internal/app/app.go","line":101},"msg":"получен сигнал завершения","signal":"terminated"}
{"time":"2025-11-22T20:53:27.5200374+03:00","level":"INFO","source":{"function":"gw-notification/internal/app.(*App).Run","file":"D:/GolagProjects/varian A/gw-notification/internal/app/app.go","line":103},"msg":"приложение останавливается"}
{"time":"2025-11-22T20:53:27.5200374+03:00","level":"INFO","source":{"function":"gw-notification/internal/app.(*App).Run","file":"D:/GolagProjects/varian A/gw-notification/internal/app/app.go","line":109},"msg":"закрытие kafka consumer"}
{"time":"2025-11-22T20:53:27.5215533+03:00","level":"INFO","source":{"function":"gw-notification/internal/kafka.(*Consumer).Close","file":"D:/GolagProjects/varian A/gw-notification/internal/kafka/consumer.go","line":96},"msg":"закрытие kafka consumer"}
{"time":"2025-11-22T20:53:27.8000126+03:00","level":"ERROR","source":{"function":"gw-notification/internal/kafka.(*Consumer).Start.func1","file":"D:/GolagProjects/varian A/gw-notification/internal/kafka/consumer.go","line":70},"msg":"ошибка consume","worker_id":4,"error":"context canceled"}
{"time":"2025-11-22T20:53:27.8008475+03:00","level":"ERROR","source":{"function":"gw-notification/internal/kafka.(*Consumer).Start.func1","file":"D:/GolagProjects/varian A/gw-notification/internal/kafka/consumer.go","line":70},"msg":"ошибка consume","worker_id":0,"error":"context canceled"}
{"time":"2025-11-22T20:53:27.8013502+03:00","level":"ERROR","source":{"function":"gw-notification/internal/kafka.(*Consumer).Start.func1","file":"D:/GolagProjects/varian A/gw-notification/internal/kafka/consumer.go","line":70},"msg":"ошибка consume","worker_id":3,"error":"context canceled"}
{"time":"2025-11-22T20:53:27.8020666+03:00","level":"ERROR","source":{"function":"gw-notification/internal/kafka.(*Consumer).Start.func1","file":"D:/GolagProjects/varian A/gw-notification/internal/kafka/consumer.go","line":70},"msg":"ошибка consume","worker_id":1,"error":"context canceled"}
{"time":"2025-11-22T20:53:27.808321+03:00","level":"INFO","source":{"function":"gw-notification/internal/kafka.(*Consumer).Close","file":"D:/GolagProjects/varian A/gw-notification/internal/kafka/consumer.go","line":103},"msg":"kafka consumer закрыт"}
{"time":"2025-11-22T20:53:27.8088793+03:00","level":"INFO","source":{"function":"gw-notification/internal/app.(*App).Run","file":"D:/GolagProjects/varian A/gw-notification/internal/app/app.go","line":115},"msg":"закрытие соединения с MongoDB"}
{"time":"2025-11-22T20:53:27.8094109+03:00","level":"INFO","source":{"function":"gw-notification/internal/app.(*App).Run","file":"D:/GolagProjects/varian A/gw-notification/internal/app/app.go","line":124},"msg":"закрытие файла логов"}
{"time":"2025-11-22T20:53:27.8094109+03:00","level":"INFO","source":{"function":"gw-notification/internal/app.(*App).Run","file":"D:/GolagProjects/varian A/gw-notification/internal/app/app.go","line":131},"msg":"приложение остановлено корректно"}
{"time":"2025-11-23T05:16:01.4685496+03:00","level":"INFO","source":{"function":"gw-notification/internal/app.NewApp","file":"D:/GolagProjects/varian A/gw-notification/internal/app/app.go","line":37},"msg":"инициализация gw-notification приложения"}
{"time":"2025-11-23T05:16:01.4821953+03:00","level":"INFO","source":{"function":"gw-notification/internal/app.NewApp","file":"D:/GolagProjects/varian A/gw-notification/internal/app/app.go","line":38},"msg":"конфигурация загружена","kafka_topic":"large-transfers","mongo_database":"notifications"}
{"time":"2025-11-23T05:16:01.4821953+03:00","level":"INFO","source":{"function":"gw-notification/internal/app.NewApp","file":"D:/GolagProjects/varian A/gw-notification/internal/app/app.go","line":43},"msg":"подключение к MongoDB","uri":"mongodb://admin:admin123@localhost:27017"}
{"time":"2025-11-23T05:16:01.5026424+03:00","level":"INFO","source":{"function":"gw-notification/internal/app.NewApp","file":"D:/GolagProjects/varian A/gw-notification/internal/app/app.go","line":57},"msg":"подключение к MongoDB установлено"}
{"time":"2025-11-23T05:16:01.5026424+03:00","level":"INFO","source":{"function":"gw-notification/internal/app.NewApp","file":"D:/GolagProjects/varian A/gw-notification/internal/app/app.go","line":60},"msg":"инициализация kafka consumer"}
{"time":"2025-11-23T05:16:59.1555297+03:00","level":"INFO","source":{"function":"gw-notification/internal/app.NewApp","file":"D:/GolagProjects/varian A/gw-notification/internal/app/app.go","line":37},"msg":"инициализация gw-notification приложения"}
{"time":"2025-11-23T05:16:59.170171+03:00","level":"INFO","source":{"function":"gw-notification/internal/app.NewApp","file":"D:/GolagProjects/varian A/gw-notification/internal/app/app.go","line":38},"msg":"конфигурация загружена","kafka_topic":"large-transfers","mongo_database":"notifications"}
{"time":"2025-11-23T05:16:59.170171+03:00","level":"INFO","source":{"function":"gw-notification/internal/app.NewApp","file":"D:/GolagProjects/varian A/gw-notification/internal/app/app.go","line":43},"msg":"подключение к MongoDB","uri":"mongodb://admin:admin123@localhost:27017"}
{"time":"2025-11-23T05:16:59.1866144+03:00","level":"INFO","source":{"function":"gw-notification/internal/app.NewApp","file":"D:/GolagProjects/varian A/gw-notification/internal/app/app.go","line":57},"msg":"подключение к MongoDB установлено"}
{"time":"2025-11-23T05:16:59.1866144+03:00","level":"INFO","source":{"function":"gw-notification/internal/app.NewApp","file":"D:/GolagProjects/varian A/gw-notification/internal/app/app.go","line":60},"msg":"инициализация kafka consumer"}
{"time":"2025-11-23T05:19:15.8212505+03:00","level":"INFO","source":{"function":"gw-notification/internal/app.NewApp","file":"D:/GolagProjects/varian A/gw-notification/internal/app/app.go","line":37},"msg":"инициализация gw-notification приложения"}
{"time":"2025-11-23T05:19:15.8355229+03:00","level":"INFO","source":{"function":"gw-notification/internal/app.NewApp","file":"D:/GolagProjects/varian A/gw-notification/internal/app/app.go","line":38},"msg":"конфигурация загружена","kafka_topic":"large-transfers","mongo_database":"notifications"}
{"time":"2025-11-23T05:19:15.8355229+03:00","level":"INFO","source":{"function":"gw-notification/internal/app.NewApp","file":"D:/GolagProjects/varian A/gw-notification/internal/app/app.go","line":43},"msg":"подключение к MongoDB","uri":"mongodb://admin:admin123@localhost:27017"}
{"time":"2025-11-23T05:19:18.625349+03:00","level":"INFO","source":{"function":"gw-notification/internal/app.NewApp","file":"D:/GolagProjects/varian A/gw-notification/internal/app/app.go","line":57},"msg":"подключение к MongoDB установлено"}
{"time":"2025-11-23T05:19:18.625349+03:00","level":"INFO","source":{"function":"gw-notification/internal/app.NewApp","file":"D:/GolagProjects/varian A/gw-notification/internal/app/app.go","line":60},"msg":"инициализация kafka consumer"}
{"time":"2025-11-23T05:19:19.7823605+03:00","level":"INFO","source":{"function":"gw-notification/internal/kafka.NewConsumer","file":"D:/GolagProjects/varian A/gw-notification/internal/kafka/consumer.go","line":37},"msg":"kafka consumer создан","group_id":"notification-service","topic":"large-transfers","workers":5}
{"time":"2025-11-23T05:19:19.8487975+03:00","level":"INFO","source":{"function":"gw-notification/internal/app.(*App).Run","file":"D:/GolagProjects/varian A/gw-notification/internal/app/app.go","line":82},"msg":"приложение запускается"}
{"time":"2025-11-23T05:19:19.8831208+03:00","level":"INFO","source":{"function":"gw-notification/internal/kafka.(*Consumer).Start","file":"D:/GolagProjects/varian A/gw-notification/internal/kafka/consumer.go","line":53},"msg":"запуск kafka consumer"}
{"time":"2025-11-23T05:19:19.8831208+03:00","level":"INFO","source":{"function":"gw-notification/internal/app.(*App).Run","file":"D:/GolagProjects/varian A/gw-notification/internal/app/app.go","line":93},"msg":"kafka consumer запущен, ожидание сообщений..."}
{"time":"2025-11-23T05:19:19.9164555+03:00","level":"INFO","source":{"function":"gw-notification/internal/kafka.(*Consumer).Start.func1","file":"D:/GolagProjects/varian A/gw-notification/internal/kafka/consumer.go","line":65},"msg":"воркер запущен","worker_id":0}
{"time":"2025-11-23T05:19:19.9164555+03:00","level":"INFO","source":{"function":"gw-notification/internal/kafka.(*Consumer).Start.func1","file":"D:/GolagProjects/varian A/gw-notification/internal/kafka/consumer.go","line":65},"msg":"воркер запущен","worker_id":3}
{"time":"2025-11-23T05:19:19.9164555+03:00","level":"INFO","source":{"function":"gw-notification/internal/kafka.(*Consumer).Start.func1","file":"D:/GolagProjects/varian A/gw-notification/internal/kafka/consumer.go","line":65},"msg":"воркер запущен","worker_id":2}
{"time":"2025-11-23T05:19:19.9164555+03:00","level":"INFO","source":{"function":"gw-notification/internal/kafka.(*Consumer).Start.func1","file":"D:/GolagProjects/varian A/gw-notification/internal/kafka/consumer.go","line":65},"msg":"воркер запущен","worker_id":4}
{"time":"2025-11-23T05:19:19.9164555+03:00","level":"INFO","source":{"function":"gw-notification/internal/kafka.(*Consumer).Start.func1","file":"D:/GolagProjects/varian A/gw-notification/internal/kafka/consumer.go","line":65},"msg":"воркер запущен","worker_id":1}
{"time":"2025-11-23T05:19:35.5455039+03:00","level":"INFO","source":{"function":"gw-notification/internal/app.(*App).Run","file":"D:/GolagProjects/varian A/gw-notification/internal/app/app.go","line":101},"msg":"получен сигнал завершения","signal":"interrupt"}
{"time":"2025-11-23T05:19:35.546009+03:00","level":"INFO","source":{"function":"gw-notification/internal/app.(*App).Run","file":"D:/GolagProjects/varian A/gw-notification/internal/app/app.go","line":103},"msg":"приложение останавливается"}
{"time":"2025-11-23T05:19:35.546928+03:00","level":"INFO","source":{"function":"gw-notification/internal/app.(*App).Run","file":"D:/GolagProjects/varian A/gw-notification/internal/app/app.go","line":109},"msg":"закрытие kafka consumer"}
{"time":"2025-11-23T05:19:35.5474345+03:00","level":"INFO","source":{"function":"gw-notification/internal/kafka.(*Consumer).Close","file":"D:/GolagProjects/varian A/gw-notification/internal/kafka/consumer.go","line":96},"msg":"закрытие kafka consumer"}
{"time":"2025-11-23T05:19:35.6970119+03:00","level":"ERROR","source":{"function":"gw-notification/internal/kafka.(*Consumer).Start.func1","file":"D:/GolagProjects/varian A/gw-notification/internal/kafka/consumer.go","line":70},"msg":"ошибка consume","worker_id":3,"error":"context canceled"}
{"time":"2025-11-23T05:19:35.6990824+03:00","level":"ERROR","source":{"function":"gw-notification/internal/kafka.(*Consumer).Start.func1","file":"D:/GolagProjects/varian A/gw-notification/internal/kafka/consumer.go","line":70},"msg":"ошибка consume","worker_id":2,"error":"context canceled"}
{"time":"2025-11-23T05:19:35.6996914+03:00","level":"ERROR","source":{"function":"gw-notification/internal/kafka.(*Consumer).Start.func1","file":"D:/GolagProjects/varian A/gw-notification/internal/kafka/consumer.go","line":70},"msg":"ошибка consume","worker_id":4,"error":"context canceled"}
{"time":"2025-11-23T05:19:35.7011045+03:00","level":"ERROR","source":{"function":"gw-notification/internal/kafka.(*Consumer).Start.func1","file":"D:/GolagProjects/varian A/gw-notification/internal/kafka/consumer.go","line":70},"msg":"ошибка consume","worker_id":1,"error":"context canceled"}
{"time":"2025-11-23T05:19:35.7098842+03:00","level":"INFO","source":{"function":"gw-notification/internal/kafka.(*Consumer).Close","file":"D:/GolagProjects/varian A/gw-notification/internal/kafka/consumer.go","line":103},"msg":"kafka consumer закрыт"}
{"time":"2025-11-23T05:19:35.7098842+03:00","level":"INFO","source":{"function":"gw-notification/internal/app.(*App).Run","file":"D:/GolagProjects/varian A/gw-notification/internal/app/app.go","line":115},"msg":"закрытие соединения с MongoDB"}
{"time":"2025-11-23T05:19:35.7163801+03:00","level":"INFO","source":{"function":"gw-notification/internal/app.(*App).Run","file":"D:/GolagProjects/varian A/gw-notification/internal/app/app.go","line":124},"msg":"закрытие файла логов"}
{"time":"2025-11-23T05:19:35.7169041+03:00","level":"INFO","source":{"function":"gw-notification/internal/app.(*App).Run","file":"D:/GolagProjects/varian A/gw-notification/internal/app/app.go","line":131},"msg":"приложение остановлено корректно"}
{"time":"2025-11-23T05:20:50.5094421+03:00","level":"INFO","source":{"function":"gw-notification/internal/app.NewApp","file":"D:/GolagProjects/varian A/gw-notification/internal/app/app.go","line":37},"msg":"инициализация gw-notification приложения"}
{"time":"2025-11-23T05:20:50.5257526+03:00","level":"INFO","source":{"function":"gw-notification/internal/app.NewApp","file":"D:/GolagProjects/varian A/gw-notification/internal/app/app.go","line":38},"msg":"конфигурация загружена","kafka_topic":"large-transfers","mongo_database":"notifications"}
{"time":"2025-11-23T05:20:50.5268528+03:00","level":"INFO","source":{"function":"gw-notification/internal/app.NewApp","file":"D:/GolagProjects/varian A/gw-notification/internal/app/app.go","line":43},"msg":"подключение к MongoDB","uri":"mongodb://admin:admin123@localhost:27017"}
{"time":"2025-11-23T05:20:50.5474321+03:00","level":"INFO","source":{"function":"gw-notification/internal/app.NewApp","file":"D:/GolagProjects/varian A/gw-notification/internal/app/app.go","line":57},"msg":"подключение к MongoDB установлено"}
{"time":"2025-11-23T05:20:50.5474321+03:00","level":"INFO","source":{"function":"gw-notification/internal/app.NewApp","file":"D:/GolagProjects/varian A/gw-notification/internal/app/app.go","line":60},"msg":"инициализация kafka consumer"}
{"time":"2025-11-23T05:20:50.5544619+03:00","level":"INFO","source":{"function":"gw-notification/internal/kafka.NewConsumer","file":"D:/GolagProjects/varian A/gw-notification/internal/kafka/consumer.go","line":37},"msg":"kafka consumer создан","group_id":"notification-service","topic":"large-transfers","workers":5}
{"time":"2025-11-23T05:20:50.5544619+03:00","level":"INFO","source":{"function":"gw-notification/internal/app.(*App).Run","file":"D:/GolagProjects/varian A/gw-notification/internal/app/app.go","line":82},"msg":"приложение запускается"}
{"time":"2025-11-23T05:20:50.5544619+03:00","level":"INFO","source":{"function":"gw-notification/internal/kafka.(*Consumer).Start","file":"D:/GolagProjects/varian A/gw-notification/internal/kafka/consumer.go","line":53},"msg":"запуск kafka consumer"}
{"time":"2025-11-23T05:20:50.5544619+03:00","level":"INFO","source":{"function":"gw-notification/internal/app.(*App).Run","file":"D:/GolagProjects/varian A/gw-notification/internal/app/app.go","line":93},"msg":"kafka consumer запущен, ожидание сообщений..."}
{"time":"2025-11-23T05:20:50.5544619+03:00","level":"INFO","source":{"function":"gw-notification/internal/kafka.(*Consumer).Start.func1","file":"D:/GolagProjects/varian A/gw-notification/internal/kafka/consumer.go","line":65},"msg":"воркер запущен","worker_id":0}
{"time":"2025-11-23T05:20:50.5544619+03:00","level":"INFO","source":{"function":"gw-notification/internal/kafka.(*Consumer).Start.func1","file":"D:/GolagProjects/varian A/gw-notification/internal/kafka/consumer.go","line":65},"msg":"воркер запущен","worker_id":1}
{"time":"2025-11-23T05:20:50.5544619+03:00","level":"INFO","source":{"function":"gw-notification/internal/kafka.(*Consumer).Start.func1","file":"D:/GolagProjects/varian A/gw-notification/internal/kafka/consumer.go","line":65},"msg":"воркер запущен","worker_id":2}
{"time":"2025-11-23T05:20:50.5544619+03:00","level":"INFO","source":{"function":"gw-notification/internal/kafka.(*Consumer).Start.func1","file":"D:/GolagProjects/varian A/gw-notification/internal/kafka/consumer.go","line":65},"msg":"воркер запущен","worker_id":4}
{"time":"2025-11-23T05:20:50.5544619+03:00","level":"INFO","source":{"function":"gw-notification/internal/kafka.(*Consumer).Start.func1","file":"D:/GolagProjects/varian A/gw-notification/internal/kafka/consumer.go","line":65},"msg":"воркер запущен","worker_id":3}
{"time":"2025-11-23T05:23:27.3219209+03:00","level":"INFO","source":{"function":"gw-notification/internal/app.(*App).Run","file":"D:/GolagProjects/varian A/gw-notification/internal/app/app.go","line":101},"msg":"получен сигнал завершения","signal":"interrupt"}
{"time":"2025-11-23T05:23:27.3219209+03:00","level":"INFO","source":{"function":"gw-notification/internal/app.(*App).Run","file":"D:/GolagProjects/varian A/gw-notification/internal/app/app.go","line":103},"msg":"приложение останавливается"}
{"time":"2025-11-23T05:23:27.3219209+03:00","level":"INFO","source":{"function":"gw-notification/internal/app.(*App).Run","file":"D:/GolagProjects/varian A/gw-notification/internal/app/app.go","line":109},"msg":"закрытие kafka consumer"}
{"time":"2025-11-23T05:23:27.3219209+03:00","level":"INFO","source":{"function":"gw-notification/internal/kafka.(*Consumer).Close","file":"D:/GolagProjects/varian A/gw-notification/internal/kafka/consumer.go","line":96},"msg":"закрытие kafka consumer"}
{"time":"2025-11-23T05:23:27.3627158+03:00","level":"ERROR","source":{"function":"gw-notification/internal/kafka.(*Consumer).Start.func1","file":"D:/GolagProjects/varian A/gw-notification/internal/kafka/consumer.go","line":70},"msg":"ошибка consume","worker_id":3,"error":"context canceled"}
{"time":"2025-11-23T05:23:27.3637379+03:00","level":"ERROR","source":{"function":"gw-notification/internal/kafka.(*Consumer).Start.func1","file":"D:/GolagProjects/varian A/gw-notification/internal/kafka/consumer.go","line":70},"msg":"ошибка consume","worker_id":1,"error":"context canceled"}
{"time":"2025-11-23T05:23:27.3643275+03:00","level":"ERROR","source":{"function":"gw-notification/internal/kafka.(*Consumer).Start.func1","file":"D:/GolagProjects/varian A/gw-notification/internal/kafka/consumer.go","line":70},"msg":"ошибка consume","worker_id":2,"error":"context canceled"}
{"time":"2025-11-23T05:23:27.3658363+03:00","level":"ERROR","source":{"function":"gw-notification/internal/kafka.(*Consumer).Start.func1","file":"D:/GolagProjects/varian A/gw-notification/internal/kafka/consumer.go","line":70},"msg":"ошибка consume","worker_id":4,"error":"context canceled"}
{"time":"2025-11-23T05:23:27.3685878+03:00","level":"INFO","source":{"function":"gw-notification/internal/kafka.(*Consumer).Close","file":"D:/GolagProjects/varian A/gw-notification/internal/kafka/consumer.go","line":103},"msg":"kafka consumer закрыт"}
{"time":"2025-11-23T05:23:27.3685878+03:00","level":"INFO","source":{"function":"gw-notification/internal/app.(*App).Run","file":"D:/GolagProjects/varian A/gw-notification/internal/app/app.go","line":115},"msg":"закрытие соединения с MongoDB"}
{"time":"2025-11-23T05:23:27.3722506+03:00","level":"INFO","source":{"function":"gw-notification/internal/app.(*App).Run","file":"D:/GolagProjects/varian A/gw-notification/internal/app/app.go","line":124},"msg":"закрытие файла логов"}
{"time":"2025-11-23T05:23:27.3727547+03:00","level":"INFO","source":{"function":"gw-notification/internal/app.(*App).Run","file":"D:/GolagProjects/varian A/gw-notification/internal/app/app.go","line":131},"msg":"приложение остановлено корректно"}
{"time":"2025-11-23T05:32:47.8938132+03:00","level":"INFO","source":{"function":"gw-notification/internal/app.NewApp","file":"D:/GolagProjects/varian A/gw-notification/internal/app/app.go","line":37},"msg":"инициализация gw-notification приложения"}
{"time":"2025-11-23T05:32:47.9116893+03:00","level":"INFO","source":{"function":"gw-notification/internal/app.NewApp","file":"D:/GolagProjects/varian A/gw-notification/internal/app/app.go","line":38},"msg":"конфигурация загружена","kafka_topic":"large-transfers","mongo_database":"notifications"}
{"time":"2025-11-23T05:32:47.9116893+03:00","level":"INFO","source":{"function":"gw-notification/internal/app.NewApp","file":"D:/GolagProjects/varian A/gw-notification/internal/app/app.go","line":43},"msg":"подключение к MongoDB","uri":"mongodb://admin:admin123@localhost:27017"}
{"time":"2025-11-23T05:32:47.9271208+03:00","level":"INFO","source":{"function":"gw-notification/internal/app.NewApp","file":"D:/GolagProjects/varian A/gw-notification/internal/app/app.go","line":57},"msg":"подключение к MongoDB установлено"}
{"time":"2025-11-23T05:32:47.9276425+03:00","level":"INFO","source":{"function":"gw-notification/internal/app.NewApp","file":"D:/GolagProjects/varian A/gw-notification/internal/app/app.go","line":60},"msg":"инициализация kafka consumer"}
{"time":"2025-11-23T05:32:47.9314182+03:00","level":"INFO","source":{"function":"gw-notification/internal/kafka.NewConsumer","file":"D:/GolagProjects/varian A/gw-notification/internal/kafka/consumer.go","line":37},"msg":"kafka consumer создан","group_id":"notification-service","topic":"large-transfers","workers":5}
{"time":"2025-11-23T05:32:47.9314182+03:00","level":"INFO","source":{"function":"gw-notification/internal/app.(*App).Run","file":"D:/GolagProjects/varian A/gw-notification/internal/app/app.go","line":82},"msg":"приложение запускается"}
{"time":"2025-11-23T05:32:47.9314182+03:00","level":"INFO","source":{"function":"gw-notification/internal/kafka.(*Consumer).Start","file":"D:/GolagProjects/varian A/gw-notification/internal/kafka/consumer.go","line":53},"msg":"запуск kafka consumer"}
{"time":"2025-11-23T05:32:47.9314182+03:00","level":"INFO","source":{"function":"gw-notification/internal/app.(*App).Run","file":"D:/GolagProjects/varian A/gw-notification/internal/app/app.go","line":93},"msg":"kafka consumer запущен, ожидание сообщений..."}
{"time":"2025-11-23T05:32:47.9314182+03:00","level":"INFO","source":{"function":"gw-notification/internal/kafka.(*Consumer).Start.func1","file":"D:/GolagProjects/varian A/gw-notification/internal/kafka/consumer.go","line":65},"msg":"воркер запущен","worker_id":4}
{"time":"2025-11-23T05:32:47.9314182+03:00","level":"INFO","source":{"function":"gw-notification/internal/kafka.(*Consumer).Start.func1","file":"D:/GolagProjects/varian A/gw-notification/internal/kafka/consumer.go","line":65},"msg":"воркер запущен","worker_id":1}
{"time":"2025-11-23T05:32:47.9314182+03:00","level":"INFO","source":{"function":"gw-notification/internal/kafka.(*Consumer).Start.func1","file":"D:/GolagProjects/varian A/gw-notification/internal/kafka/consumer.go","line":65},"msg":"воркер запущен","worker_id":3}
{"time":"2025-11-23T05:32:47.9314182+03:00","level":"INFO","source":{"function":"gw-notification/internal/kafka.(*Consumer).Start.func1","file":"D:/GolagProjects/varian A/gw-notification/internal/kafka/consumer.go","line":65},"msg":"воркер запущен","worker_id":0}
{"time":"2025-11-23T05:32:47.9314182+03:00","level":"INFO","source":{"function":"gw-notification/internal/kafka.(*Consumer).Start.func1","file":"D:/GolagProjects/varian A/gw-notification/internal/kafka/consumer.go","line":65},"msg":"воркер запущен","worker_id":2}
{"time":"2025-11-23T05:51:15.1416341+03:00","level":"INFO","source":{"function":"gw-notification/internal/app.(*App).Run","file":"D:/GolagProjects/varian A/gw-notification/internal/app/app.go","line":101},"msg":"получен сигнал завершения","signal":"interrupt"}
{"time":"2025-11-23T05:51:15.1416341+03:00","level":"INFO","source":{"function":"gw-notification/internal/app.(*App).Run","file":"D:/GolagProjects/varian A/gw-notification/internal/app/app.go","line":103},"msg":"приложение останавливается"}
{"time":"2025-11-23T05:51:15.1416341+03:00","level":"INFO","source":{"function":"gw-notification/internal/app.(*App).Run","file":"D:/GolagProjects/varian A/gw-notification/internal/app/app.go","line":109},"msg":"закрытие kafka consumer"}
{"time":"2025-11-23T05:51:15.1416341+03:00","level":"INFO","source":{"function":"gw-notification/internal/kafka.(*Consumer).Close","file":"D:/GolagProjects/varian A/gw-notification/internal/kafka/consumer.go","line":96},"msg":"закрытие kafka consumer"}
{"time":"2025-11-23T05:51:15.3331752+03:00","level":"ERROR","source":{"function":"gw-notification/internal/kafka.(*Consumer).Start.func1","file":"D:/GolagProjects/varian A/gw-notification/internal/kafka/consumer.go","line":70},"msg":"ошибка consume","worker_id":0,"error":"context canceled"}
{"time":"2025-11-23T05:51:15.334029+03:00","level":"ERROR","source":{"function":"gw-notification/internal/kafka.(*Consumer).Start.func1","file":"D:/GolagProjects/varian A/gw-notification/internal/kafka/consumer.go","line":70},"msg":"ошибка consume","worker_id":4,"error":"context canceled"}
{"time":"2025-11-23T05:51:15.334533+03:00","level":"ERROR","source":{"function":"gw-notification/internal/kafka.(*Consumer).Start.func1","file":"D:/GolagProjects/varian A/gw-notification/internal/kafka/consumer.go","line":70},"msg":"ошибка consume","worker_id":3,"error":"context canceled"}
{"time":"2025-11-23T05:51:15.3353054+03:00","level":"ERROR","source":{"function":"gw-notification/internal/kafka.(*Consumer).Start.func1","file":"D:/GolagProjects/varian A/gw-notification/internal/kafka/consumer.go","line":70},"msg":"ошибка consume","worker_id":2,"error":"context canceled"}
{"time":"2025-11-23T05:51:15.3384098+03:00","level":"INFO","source":{"function":"gw-notification/internal/kafka.(*Consumer).Close","file":"D:/GolagProjects/varian A/gw-notification/internal/kafka/consumer.go","line":103},"msg":"kafka consumer закрыт"}
{"time":"2025-11-23T05:51:15.3384098+03:00","level":"INFO","source":{"function":"gw-notification/internal/app.(*App).Run","file":"D:/GolagProjects/varian A/gw-notification/internal/app/app.go","line":115},"msg":"закрытие соединения с MongoDB"}
{"time":"2025-11-23T05:51:15.3395837+03:00","level":"INFO","source":{"function":"gw-notification/internal/app.(*App).Run","file":"D:/GolagProjects/varian A/gw-notification/internal/app/app.go","line":124},"msg":"закрытие файла логов"}
{"time":"2025-11-23T05:51:15.340592+03:00","level":"INFO","source":{"function":"gw-notification/internal/app.(*App).Run","file":"D:/GolagProjects/varian A/gw-notification/internal/app/app.go","line":131},"msg":"приложение остановлено корректно"}
