{"time":"2025-11-19T06:13:47.3633981+03:00","level":"INFO","source":{"function":"gw-exchanger/internal/app.NewApp","file":"D:/GolagProjects/varian A/gw-exchanger/internal/app/app.go","line":35},"msg":"инициализация gw-exchanger приложения"}
{"time":"2025-11-19T06:13:47.3785426+03:00","level":"INFO","source":{"function":"gw-exchanger/internal/app.NewApp","file":"D:/GolagProjects/varian A/gw-exchanger/internal/app/app.go","line":42},"msg":"конфигурация загружена","grpc_port":"50051"}
{"time":"2025-11-19T06:13:47.3785426+03:00","level":"INFO","source":{"function":"gw-exchanger/internal/app.NewApp","file":"D:/GolagProjects/varian A/gw-exchanger/internal/app/app.go","line":45},"msg":"выполнение миграций базы данных"}
{"time":"2025-11-19T06:13:47.6004674+03:00","level":"INFO","source":{"function":"gw-exchanger/internal/app.NewApp","file":"D:/GolagProjects/varian A/gw-exchanger/internal/app/app.go","line":49},"msg":"миграции успешно применены"}
{"time":"2025-11-19T06:13:47.7276623+03:00","level":"INFO","source":{"function":"gw-exchanger/internal/app.NewApp","file":"D:/GolagProjects/varian A/gw-exchanger/internal/app/app.go","line":56},"msg":"подключение к базе данных установлено"}
{"time":"2025-11-19T06:13:47.7307701+03:00","level":"INFO","source":{"function":"gw-exchanger/internal/app.NewApp","file":"D:/GolagProjects/varian A/gw-exchanger/internal/app/app.go","line":75},"msg":"gRPC сервер инициализирован","port":"50051"}
{"time":"2025-11-19T06:13:47.7312943+03:00","level":"INFO","source":{"function":"gw-exchanger/internal/app.(*App).Run","file":"D:/GolagProjects/varian A/gw-exchanger/internal/app/app.go","line":87},"msg":"gRPC сервер запускается","port":"50051"}
{"time":"2025-11-19T06:16:03.6175543+03:00","level":"INFO","source":{"function":"gw-exchanger/internal/app.(*App).Run","file":"D:/GolagProjects/varian A/gw-exchanger/internal/app/app.go","line":105},"msg":"получен сигнал завершения","signal":"interrupt"}
{"time":"2025-11-19T06:16:03.6175543+03:00","level":"INFO","source":{"function":"gw-exchanger/internal/app.(*App).Run","file":"D:/GolagProjects/varian A/gw-exchanger/internal/app/app.go","line":108},"msg":"приложение останавливается"}
{"time":"2025-11-19T06:16:03.6181111+03:00","level":"INFO","source":{"function":"gw-exchanger/internal/app.(*App).Run","file":"D:/GolagProjects/varian A/gw-exchanger/internal/app/app.go","line":111},"msg":"остановка gRPC сервера"}
{"time":"2025-11-19T06:16:03.6181111+03:00","level":"INFO","source":{"function":"gw-exchanger/internal/app.(*App).Run","file":"D:/GolagProjects/varian A/gw-exchanger/internal/app/app.go","line":115},"msg":"закрытие соединения с базой данных"}
{"time":"2025-11-19T06:16:03.6196951+03:00","level":"INFO","source":{"function":"gw-exchanger/internal/app.(*App).Run","file":"D:/GolagProjects/varian A/gw-exchanger/internal/app/app.go","line":118},"msg":"приложение остановлено"}
{"time":"2025-11-19T06:33:39.471051+03:00","level":"INFO","source":{"function":"gw-exchanger/internal/app.NewApp","file":"D:/GolagProjects/varian A/gw-exchanger/internal/app/app.go","line":35},"msg":"инициализация gw-exchanger приложения"}
{"time":"2025-11-19T06:33:39.4851022+03:00","level":"INFO","source":{"function":"gw-exchanger/internal/app.NewApp","file":"D:/GolagProjects/varian A/gw-exchanger/internal/app/app.go","line":42},"msg":"конфигурация загружена","grpc_port":"50051"}
{"time":"2025-11-19T06:33:39.4851022+03:00","level":"INFO","source":{"function":"gw-exchanger/internal/app.NewApp","file":"D:/GolagProjects/varian A/gw-exchanger/internal/app/app.go","line":45},"msg":"выполнение миграций базы данных"}
{"time":"2025-11-19T06:33:39.53241+03:00","level":"INFO","source":{"function":"gw-exchanger/internal/app.NewApp","file":"D:/GolagProjects/varian A/gw-exchanger/internal/app/app.go","line":49},"msg":"миграции успешно применены"}
{"time":"2025-11-19T06:33:39.7842557+03:00","level":"INFO","source":{"function":"gw-exchanger/internal/app.NewApp","file":"D:/GolagProjects/varian A/gw-exchanger/internal/app/app.go","line":56},"msg":"подключение к базе данных установлено"}
{"time":"2025-11-19T06:33:39.785349+03:00","level":"INFO","source":{"function":"gw-exchanger/internal/app.NewApp","file":"D:/GolagProjects/varian A/gw-exchanger/internal/app/app.go","line":75},"msg":"gRPC сервер инициализирован","port":"50051"}
{"time":"2025-11-19T06:33:39.785349+03:00","level":"INFO","source":{"function":"gw-exchanger/internal/app.(*App).Run","file":"D:/GolagProjects/varian A/gw-exchanger/internal/app/app.go","line":87},"msg":"gRPC сервер запускается","port":"50051"}
{"time":"2025-11-19T07:19:30.5317084+03:00","level":"INFO","source":{"function":"gw-exchanger/internal/grpc_server.(*ExchangeServer).GetExchangeRates","file":"D:/GolagProjects/varian A/gw-exchanger/internal/grpc_server/exchange_server.go","line":30},"msg":"получен запрос на все курсы валют","op":"grpc_server.GetExchangeRates"}
{"time":"2025-11-19T07:19:30.5429119+03:00","level":"INFO","source":{"function":"gw-exchanger/internal/grpc_server.(*ExchangeServer).GetExchangeRates","file":"D:/GolagProjects/varian A/gw-exchanger/internal/grpc_server/exchange_server.go","line":44},"msg":"отправлены курсы валют","op":"grpc_server.GetExchangeRates","count":3}
{"time":"2025-11-19T07:24:38.7577337+03:00","level":"INFO","source":{"function":"gw-exchanger/internal/grpc_server.(*ExchangeServer).GetExchangeRates","file":"D:/GolagProjects/varian A/gw-exchanger/internal/grpc_server/exchange_server.go","line":30},"msg":"получен запрос на все курсы валют","op":"grpc_server.GetExchangeRates"}
{"time":"2025-11-19T07:24:38.7610878+03:00","level":"INFO","source":{"function":"gw-exchanger/internal/grpc_server.(*ExchangeServer).GetExchangeRates","file":"D:/GolagProjects/varian A/gw-exchanger/internal/grpc_server/exchange_server.go","line":44},"msg":"отправлены курсы валют","op":"grpc_server.GetExchangeRates","count":3}
{"time":"2025-11-19T07:24:57.6574267+03:00","level":"INFO","source":{"function":"gw-exchanger/internal/grpc_server.(*ExchangeServer).GetExchangeRateForCurrency","file":"D:/GolagProjects/varian A/gw-exchanger/internal/grpc_server/exchange_server.go","line":57},"msg":"получен запрос на курс валюты","op":"grpc_server.GetExchangeRateForCurrency","from":"USD","to":"EUR"}
{"time":"2025-11-19T07:24:57.6623341+03:00","level":"INFO","source":{"function":"gw-exchanger/internal/grpc_server.(*ExchangeServer).GetExchangeRateForCurrency","file":"D:/GolagProjects/varian A/gw-exchanger/internal/grpc_server/exchange_server.go","line":92},"msg":"отправлен курс обмена","op":"grpc_server.GetExchangeRateForCurrency","from":"USD","to":"EUR","rate":0.92}
{"time":"2025-11-19T07:26:37.6023793+03:00","level":"INFO","source":{"function":"gw-exchanger/internal/grpc_server.(*ExchangeServer).GetExchangeRateForCurrency","file":"D:/GolagProjects/varian A/gw-exchanger/internal/grpc_server/exchange_server.go","line":57},"msg":"получен запрос на курс валюты","op":"grpc_server.GetExchangeRateForCurrency","from":"USD","to":"RUB"}
{"time":"2025-11-19T07:26:37.6039283+03:00","level":"INFO","source":{"function":"gw-exchanger/internal/grpc_server.(*ExchangeServer).GetExchangeRateForCurrency","file":"D:/GolagProjects/varian A/gw-exchanger/internal/grpc_server/exchange_server.go","line":92},"msg":"отправлен курс обмена","op":"grpc_server.GetExchangeRateForCurrency","from":"USD","to":"RUB","rate":95.5}
{"time":"2025-11-19T07:34:36.6402704+03:00","level":"INFO","source":{"function":"gw-exchanger/internal/app.(*App).Run","file":"D:/GolagProjects/varian A/gw-exchanger/internal/app/app.go","line":105},"msg":"получен сигнал завершения","signal":"terminated"}
{"time":"2025-11-19T07:34:36.6407759+03:00","level":"INFO","source":{"function":"gw-exchanger/internal/app.(*App).Run","file":"D:/GolagProjects/varian A/gw-exchanger/internal/app/app.go","line":108},"msg":"приложение останавливается"}
{"time":"2025-11-19T07:34:36.6407759+03:00","level":"INFO","source":{"function":"gw-exchanger/internal/app.(*App).Run","file":"D:/GolagProjects/varian A/gw-exchanger/internal/app/app.go","line":111},"msg":"остановка gRPC сервера"}
{"time":"2025-11-19T07:34:36.6524063+03:00","level":"INFO","source":{"function":"gw-exchanger/internal/app.(*App).Run","file":"D:/GolagProjects/varian A/gw-exchanger/internal/app/app.go","line":115},"msg":"закрытие соединения с базой данных"}
{"time":"2025-11-19T07:34:36.6535724+03:00","level":"INFO","source":{"function":"gw-exchanger/internal/app.(*App).Run","file":"D:/GolagProjects/varian A/gw-exchanger/internal/app/app.go","line":118},"msg":"приложение остановлено"}
{"time":"2025-11-22T18:38:56.1047789+03:00","level":"INFO","source":{"function":"gw-exchanger/internal/app.NewApp","file":"D:/GolagProjects/varian A/gw-exchanger/internal/app/app.go","line":35},"msg":"инициализация gw-exchanger приложения"}
{"time":"2025-11-22T18:38:56.1226031+03:00","level":"INFO","source":{"function":"gw-exchanger/internal/app.NewApp","file":"D:/GolagProjects/varian A/gw-exchanger/internal/app/app.go","line":42},"msg":"конфигурация загружена","grpc_port":"50051"}
{"time":"2025-11-22T18:38:56.1231246+03:00","level":"INFO","source":{"function":"gw-exchanger/internal/app.NewApp","file":"D:/GolagProjects/varian A/gw-exchanger/internal/app/app.go","line":45},"msg":"выполнение миграций базы данных"}
{"time":"2025-11-22T19:26:28.6798125+03:00","level":"INFO","source":{"function":"gw-exchanger/internal/app.NewApp","file":"D:/GolagProjects/varian A/gw-exchanger/internal/app/app.go","line":35},"msg":"инициализация gw-exchanger приложения"}
{"time":"2025-11-22T19:26:28.6932709+03:00","level":"INFO","source":{"function":"gw-exchanger/internal/app.NewApp","file":"D:/GolagProjects/varian A/gw-exchanger/internal/app/app.go","line":42},"msg":"конфигурация загружена","grpc_port":"50051"}
{"time":"2025-11-22T19:26:28.6932709+03:00","level":"INFO","source":{"function":"gw-exchanger/internal/app.NewApp","file":"D:/GolagProjects/varian A/gw-exchanger/internal/app/app.go","line":45},"msg":"выполнение миграций базы данных"}
{"time":"2025-11-22T19:31:01.2812111+03:00","level":"INFO","source":{"function":"gw-exchanger/internal/app.NewApp","file":"D:/GolagProjects/varian A/gw-exchanger/internal/app/app.go","line":35},"msg":"инициализация gw-exchanger приложения"}
{"time":"2025-11-22T19:31:01.2952019+03:00","level":"INFO","source":{"function":"gw-exchanger/internal/app.NewApp","file":"D:/GolagProjects/varian A/gw-exchanger/internal/app/app.go","line":42},"msg":"конфигурация загружена","grpc_port":"50051"}
{"time":"2025-11-22T19:31:01.2952019+03:00","level":"INFO","source":{"function":"gw-exchanger/internal/app.NewApp","file":"D:/GolagProjects/varian A/gw-exchanger/internal/app/app.go","line":45},"msg":"выполнение миграций базы данных"}
{"time":"2025-11-22T19:31:17.2504173+03:00","level":"INFO","source":{"function":"gw-exchanger/internal/app.NewApp","file":"D:/GolagProjects/varian A/gw-exchanger/internal/app/app.go","line":35},"msg":"инициализация gw-exchanger приложения"}
{"time":"2025-11-22T19:31:17.2669779+03:00","level":"INFO","source":{"function":"gw-exchanger/internal/app.NewApp","file":"D:/GolagProjects/varian A/gw-exchanger/internal/app/app.go","line":42},"msg":"конфигурация загружена","grpc_port":"50051"}
{"time":"2025-11-22T19:31:17.2669779+03:00","level":"INFO","source":{"function":"gw-exchanger/internal/app.NewApp","file":"D:/GolagProjects/varian A/gw-exchanger/internal/app/app.go","line":45},"msg":"выполнение миграций базы данных"}
{"time":"2025-11-22T19:32:59.6828261+03:00","level":"INFO","source":{"function":"gw-exchanger/internal/app.NewApp","file":"D:/GolagProjects/varian A/gw-exchanger/internal/app/app.go","line":35},"msg":"инициализация gw-exchanger приложения"}
{"time":"2025-11-22T19:32:59.6973072+03:00","level":"INFO","source":{"function":"gw-exchanger/internal/app.NewApp","file":"D:/GolagProjects/varian A/gw-exchanger/internal/app/app.go","line":42},"msg":"конфигурация загружена","grpc_port":"50051"}
{"time":"2025-11-22T19:32:59.697824+03:00","level":"INFO","source":{"function":"gw-exchanger/internal/app.NewApp","file":"D:/GolagProjects/varian A/gw-exchanger/internal/app/app.go","line":45},"msg":"выполнение миграций базы данных"}
{"time":"2025-11-22T19:38:27.9287011+03:00","level":"INFO","source":{"function":"gw-exchanger/internal/app.NewApp","file":"D:/GolagProjects/varian A/gw-exchanger/internal/app/app.go","line":35},"msg":"инициализация gw-exchanger приложения"}
{"time":"2025-11-22T19:38:27.9438818+03:00","level":"INFO","source":{"function":"gw-exchanger/internal/app.NewApp","file":"D:/GolagProjects/varian A/gw-exchanger/internal/app/app.go","line":42},"msg":"конфигурация загружена","grpc_port":"50051"}
{"time":"2025-11-22T19:38:27.9438818+03:00","level":"INFO","source":{"function":"gw-exchanger/internal/app.NewApp","file":"D:/GolagProjects/varian A/gw-exchanger/internal/app/app.go","line":45},"msg":"выполнение миграций базы данных"}
{"time":"2025-11-22T20:05:24.4901484+03:00","level":"INFO","source":{"function":"gw-exchanger/internal/app.NewApp","file":"D:/GolagProjects/varian A/gw-exchanger/internal/app/app.go","line":35},"msg":"инициализация gw-exchanger приложения"}
{"time":"2025-11-22T20:05:24.5052577+03:00","level":"INFO","source":{"function":"gw-exchanger/internal/app.NewApp","file":"D:/GolagProjects/varian A/gw-exchanger/internal/app/app.go","line":42},"msg":"конфигурация загружена","grpc_port":"50051"}
{"time":"2025-11-22T20:05:24.5052577+03:00","level":"INFO","source":{"function":"gw-exchanger/internal/app.NewApp","file":"D:/GolagProjects/varian A/gw-exchanger/internal/app/app.go","line":45},"msg":"выполнение миграций базы данных"}
{"time":"2025-11-22T20:05:24.6902989+03:00","level":"INFO","source":{"function":"gw-exchanger/internal/app.NewApp","file":"D:/GolagProjects/varian A/gw-exchanger/internal/app/app.go","line":49},"msg":"миграции успешно применены"}
{"time":"2025-11-22T20:05:24.9443858+03:00","level":"INFO","source":{"function":"gw-exchanger/internal/app.NewApp","file":"D:/GolagProjects/varian A/gw-exchanger/internal/app/app.go","line":56},"msg":"подключение к базе данных установлено"}
{"time":"2025-11-22T20:05:24.9632881+03:00","level":"INFO","source":{"function":"gw-exchanger/internal/app.NewApp","file":"D:/GolagProjects/varian A/gw-exchanger/internal/app/app.go","line":75},"msg":"gRPC сервер инициализирован","port":"50051"}
{"time":"2025-11-22T20:05:24.9645049+03:00","level":"INFO","source":{"function":"gw-exchanger/internal/app.(*App).Run","file":"D:/GolagProjects/varian A/gw-exchanger/internal/app/app.go","line":87},"msg":"gRPC сервер запускается","port":"50051"}
{"time":"2025-11-22T20:08:40.3781472+03:00","level":"INFO","source":{"function":"gw-exchanger/internal/app.(*App).Run","file":"D:/GolagProjects/varian A/gw-exchanger/internal/app/app.go","line":105},"msg":"получен сигнал завершения","signal":"interrupt"}
{"time":"2025-11-22T20:08:40.3786516+03:00","level":"INFO","source":{"function":"gw-exchanger/internal/app.(*App).Run","file":"D:/GolagProjects/varian A/gw-exchanger/internal/app/app.go","line":108},"msg":"приложение останавливается"}
{"time":"2025-11-22T20:08:40.3791933+03:00","level":"INFO","source":{"function":"gw-exchanger/internal/app.(*App).Run","file":"D:/GolagProjects/varian A/gw-exchanger/internal/app/app.go","line":111},"msg":"остановка gRPC сервера"}
{"time":"2025-11-22T20:08:40.3802842+03:00","level":"INFO","source":{"function":"gw-exchanger/internal/app.(*App).Run","file":"D:/GolagProjects/varian A/gw-exchanger/internal/app/app.go","line":115},"msg":"закрытие соединения с базой данных"}
{"time":"2025-11-22T20:08:40.4060398+03:00","level":"INFO","source":{"function":"gw-exchanger/internal/app.(*App).Run","file":"D:/GolagProjects/varian A/gw-exchanger/internal/app/app.go","line":118},"msg":"приложение остановлено"}
{"time":"2025-11-22T20:13:58.4333878+03:00","level":"INFO","source":{"function":"gw-exchanger/internal/app.NewApp","file":"D:/GolagProjects/varian A/gw-exchanger/internal/app/app.go","line":35},"msg":"инициализация gw-exchanger приложения"}
{"time":"2025-11-22T20:13:58.4480422+03:00","level":"INFO","source":{"function":"gw-exchanger/internal/app.NewApp","file":"D:/GolagProjects/varian A/gw-exchanger/internal/app/app.go","line":42},"msg":"конфигурация загружена","grpc_port":"50051"}
{"time":"2025-11-22T20:13:58.4480422+03:00","level":"INFO","source":{"function":"gw-exchanger/internal/app.NewApp","file":"D:/GolagProjects/varian A/gw-exchanger/internal/app/app.go","line":45},"msg":"выполнение миграций базы данных"}
{"time":"2025-11-22T20:21:59.6034688+03:00","level":"INFO","source":{"function":"gw-exchanger/internal/app.NewApp","file":"D:/GolagProjects/varian A/gw-exchanger/internal/app/app.go","line":35},"msg":"инициализация gw-exchanger приложения"}
{"time":"2025-11-22T20:21:59.6185119+03:00","level":"INFO","source":{"function":"gw-exchanger/internal/app.NewApp","file":"D:/GolagProjects/varian A/gw-exchanger/internal/app/app.go","line":42},"msg":"конфигурация загружена","grpc_port":"50051"}
{"time":"2025-11-22T20:21:59.6185119+03:00","level":"INFO","source":{"function":"gw-exchanger/internal/app.NewApp","file":"D:/GolagProjects/varian A/gw-exchanger/internal/app/app.go","line":45},"msg":"выполнение миграций базы данных"}
{"time":"2025-11-22T20:22:55.8848888+03:00","level":"INFO","source":{"function":"gw-exchanger/internal/app.NewApp","file":"D:/GolagProjects/varian A/gw-exchanger/internal/app/app.go","line":35},"msg":"инициализация gw-exchanger приложения"}
{"time":"2025-11-22T20:22:55.9004648+03:00","level":"INFO","source":{"function":"gw-exchanger/internal/app.NewApp","file":"D:/GolagProjects/varian A/gw-exchanger/internal/app/app.go","line":42},"msg":"конфигурация загружена","grpc_port":"50051"}
{"time":"2025-11-22T20:22:55.9004648+03:00","level":"INFO","source":{"function":"gw-exchanger/internal/app.NewApp","file":"D:/GolagProjects/varian A/gw-exchanger/internal/app/app.go","line":45},"msg":"выполнение миграций базы данных"}
{"time":"2025-11-22T20:33:36.7248228+03:00","level":"INFO","source":{"function":"gw-exchanger/internal/app.NewApp","file":"D:/GolagProjects/varian A/gw-exchanger/internal/app/app.go","line":35},"msg":"инициализация gw-exchanger приложения"}
{"time":"2025-11-22T20:33:36.7387168+03:00","level":"INFO","source":{"function":"gw-exchanger/internal/app.NewApp","file":"D:/GolagProjects/varian A/gw-exchanger/internal/app/app.go","line":42},"msg":"конфигурация загружена","grpc_port":"50051"}
{"time":"2025-11-22T20:33:36.7387168+03:00","level":"INFO","source":{"function":"gw-exchanger/internal/app.NewApp","file":"D:/GolagProjects/varian A/gw-exchanger/internal/app/app.go","line":45},"msg":"выполнение миграций базы данных"}
{"time":"2025-11-22T20:36:22.8129357+03:00","level":"INFO","source":{"function":"gw-exchanger/internal/app.NewApp","file":"D:/GolagProjects/varian A/gw-exchanger/internal/app/app.go","line":35},"msg":"инициализация gw-exchanger приложения"}
{"time":"2025-11-22T20:36:22.8274114+03:00","level":"INFO","source":{"function":"gw-exchanger/internal/app.NewApp","file":"D:/GolagProjects/varian A/gw-exchanger/internal/app/app.go","line":42},"msg":"конфигурация загружена","grpc_port":"50051"}
{"time":"2025-11-22T20:36:22.8274114+03:00","level":"INFO","source":{"function":"gw-exchanger/internal/app.NewApp","file":"D:/GolagProjects/varian A/gw-exchanger/internal/app/app.go","line":45},"msg":"выполнение миграций базы данных"}
{"time":"2025-11-22T20:41:14.5643329+03:00","level":"INFO","source":{"function":"gw-exchanger/internal/app.NewApp","file":"D:/GolagProjects/varian A/gw-exchanger/internal/app/app.go","line":35},"msg":"инициализация gw-exchanger приложения"}
{"time":"2025-11-22T20:41:14.5782473+03:00","level":"INFO","source":{"function":"gw-exchanger/internal/app.NewApp","file":"D:/GolagProjects/varian A/gw-exchanger/internal/app/app.go","line":42},"msg":"конфигурация загружена","grpc_port":"50051"}
{"time":"2025-11-22T20:41:14.5782473+03:00","level":"INFO","source":{"function":"gw-exchanger/internal/app.NewApp","file":"D:/GolagProjects/varian A/gw-exchanger/internal/app/app.go","line":45},"msg":"выполнение миграций базы данных"}
{"time":"2025-11-22T20:45:01.6705501+03:00","level":"INFO","source":{"function":"gw-exchanger/internal/app.NewApp","file":"D:/GolagProjects/varian A/gw-exchanger/internal/app/app.go","line":35},"msg":"инициализация gw-exchanger приложения"}
{"time":"2025-11-22T20:45:01.683917+03:00","level":"INFO","source":{"function":"gw-exchanger/internal/app.NewApp","file":"D:/GolagProjects/varian A/gw-exchanger/internal/app/app.go","line":42},"msg":"конфигурация загружена","grpc_port":"50051"}
{"time":"2025-11-22T20:45:01.6844633+03:00","level":"INFO","source":{"function":"gw-exchanger/internal/app.NewApp","file":"D:/GolagProjects/varian A/gw-exchanger/internal/app/app.go","line":45},"msg":"выполнение миграций базы данных"}
{"time":"2025-11-22T20:48:15.01512+03:00","level":"INFO","source":{"function":"gw-exchanger/internal/app.NewApp","file":"D:/GolagProjects/varian A/gw-exchanger/internal/app/app.go","line":35},"msg":"инициализация gw-exchanger приложения"}
{"time":"2025-11-22T20:48:15.029167+03:00","level":"INFO","source":{"function":"gw-exchanger/internal/app.NewApp","file":"D:/GolagProjects/varian A/gw-exchanger/internal/app/app.go","line":42},"msg":"конфигурация загружена","grpc_port":"50051"}
{"time":"2025-11-22T20:48:15.029167+03:00","level":"INFO","source":{"function":"gw-exchanger/internal/app.NewApp","file":"D:/GolagProjects/varian A/gw-exchanger/internal/app/app.go","line":45},"msg":"выполнение миграций базы данных"}
{"time":"2025-11-22T20:49:15.3080711+03:00","level":"INFO","source":{"function":"gw-exchanger/internal/app.NewApp","file":"D:/GolagProjects/varian A/gw-exchanger/internal/app/app.go","line":35},"msg":"инициализация gw-exchanger приложения"}
{"time":"2025-11-22T20:49:15.323404+03:00","level":"INFO","source":{"function":"gw-exchanger/internal/app.NewApp","file":"D:/GolagProjects/varian A/gw-exchanger/internal/app/app.go","line":42},"msg":"конфигурация загружена","grpc_port":"50051"}
{"time":"2025-11-22T20:49:15.323404+03:00","level":"INFO","source":{"function":"gw-exchanger/internal/app.NewApp","file":"D:/GolagProjects/varian A/gw-exchanger/internal/app/app.go","line":45},"msg":"выполнение миграций базы данных"}
{"time":"2025-11-22T20:50:17.8300041+03:00","level":"INFO","source":{"function":"gw-exchanger/internal/app.NewApp","file":"D:/GolagProjects/varian A/gw-exchanger/internal/app/app.go","line":35},"msg":"инициализация gw-exchanger приложения"}
{"time":"2025-11-22T20:50:17.8438914+03:00","level":"INFO","source":{"function":"gw-exchanger/internal/app.NewApp","file":"D:/GolagProjects/varian A/gw-exchanger/internal/app/app.go","line":42},"msg":"конфигурация загружена","grpc_port":"50051"}
{"time":"2025-11-22T20:50:17.8438914+03:00","level":"INFO","source":{"function":"gw-exchanger/internal/app.NewApp","file":"D:/GolagProjects/varian A/gw-exchanger/internal/app/app.go","line":45},"msg":"выполнение миграций базы данных"}
{"time":"2025-11-22T20:52:43.3633975+03:00","level":"INFO","source":{"function":"gw-exchanger/internal/app.NewApp","file":"D:/GolagProjects/varian A/gw-exchanger/internal/app/app.go","line":35},"msg":"инициализация gw-exchanger приложения"}
{"time":"2025-11-22T20:52:43.3772665+03:00","level":"INFO","source":{"function":"gw-exchanger/internal/app.NewApp","file":"D:/GolagProjects/varian A/gw-exchanger/internal/app/app.go","line":42},"msg":"конфигурация загружена","grpc_port":"50051"}
{"time":"2025-11-22T20:52:43.3777812+03:00","level":"INFO","source":{"function":"gw-exchanger/internal/app.NewApp","file":"D:/GolagProjects/varian A/gw-exchanger/internal/app/app.go","line":45},"msg":"выполнение миграций базы данных"}
{"time":"2025-11-22T20:52:43.4338028+03:00","level":"INFO","source":{"function":"gw-exchanger/internal/app.NewApp","file":"D:/GolagProjects/varian A/gw-exchanger/internal/app/app.go","line":49},"msg":"миграции успешно применены"}
{"time":"2025-11-22T20:52:43.4501956+03:00","level":"INFO","source":{"function":"gw-exchanger/internal/app.NewApp","file":"D:/GolagProjects/varian A/gw-exchanger/internal/app/app.go","line":56},"msg":"подключение к базе данных установлено"}
{"time":"2025-11-22T20:52:43.4523469+03:00","level":"INFO","source":{"function":"gw-exchanger/internal/app.NewApp","file":"D:/GolagProjects/varian A/gw-exchanger/internal/app/app.go","line":75},"msg":"gRPC сервер инициализирован","port":"50051"}
{"time":"2025-11-22T20:52:43.4528803+03:00","level":"INFO","source":{"function":"gw-exchanger/internal/app.(*App).Run","file":"D:/GolagProjects/varian A/gw-exchanger/internal/app/app.go","line":87},"msg":"gRPC сервер запускается","port":"50051"}
{"time":"2025-11-22T20:53:27.5221132+03:00","level":"INFO","source":{"function":"gw-exchanger/internal/app.(*App).Run","file":"D:/GolagProjects/varian A/gw-exchanger/internal/app/app.go","line":105},"msg":"получен сигнал завершения","signal":"terminated"}
{"time":"2025-11-22T20:53:27.5221132+03:00","level":"INFO","source":{"function":"gw-exchanger/internal/app.(*App).Run","file":"D:/GolagProjects/varian A/gw-exchanger/internal/app/app.go","line":108},"msg":"приложение останавливается"}
{"time":"2025-11-22T20:53:27.5221132+03:00","level":"INFO","source":{"function":"gw-exchanger/internal/app.(*App).Run","file":"D:/GolagProjects/varian A/gw-exchanger/internal/app/app.go","line":111},"msg":"остановка gRPC сервера"}
{"time":"2025-11-22T20:53:27.5221132+03:00","level":"INFO","source":{"function":"gw-exchanger/internal/app.(*App).Run","file":"D:/GolagProjects/varian A/gw-exchanger/internal/app/app.go","line":115},"msg":"закрытие соединения с базой данных"}
{"time":"2025-11-22T20:53:27.5226196+03:00","level":"INFO","source":{"function":"gw-exchanger/internal/app.(*App).Run","file":"D:/GolagProjects/varian A/gw-exchanger/internal/app/app.go","line":118},"msg":"приложение остановлено"}
{"time":"2025-11-23T05:15:59.9562109+03:00","level":"INFO","source":{"function":"gw-exchanger/internal/app.NewApp","file":"D:/GolagProjects/varian A/gw-exchanger/internal/app/app.go","line":35},"msg":"инициализация gw-exchanger приложения"}
{"time":"2025-11-23T05:15:59.9723445+03:00","level":"INFO","source":{"function":"gw-exchanger/internal/app.NewApp","file":"D:/GolagProjects/varian A/gw-exchanger/internal/app/app.go","line":42},"msg":"конфигурация загружена","grpc_port":"50051"}
{"time":"2025-11-23T05:15:59.9728622+03:00","level":"INFO","source":{"function":"gw-exchanger/internal/app.NewApp","file":"D:/GolagProjects/varian A/gw-exchanger/internal/app/app.go","line":45},"msg":"выполнение миграций базы данных"}
{"time":"2025-11-23T05:16:00.0517388+03:00","level":"INFO","source":{"function":"gw-exchanger/internal/app.NewApp","file":"D:/GolagProjects/varian A/gw-exchanger/internal/app/app.go","line":49},"msg":"миграции успешно применены"}
{"time":"2025-11-23T05:16:00.1195624+03:00","level":"INFO","source":{"function":"gw-exchanger/internal/app.NewApp","file":"D:/GolagProjects/varian A/gw-exchanger/internal/app/app.go","line":56},"msg":"подключение к базе данных установлено"}
{"time":"2025-11-23T05:16:00.1243657+03:00","level":"INFO","source":{"function":"gw-exchanger/internal/app.NewApp","file":"D:/GolagProjects/varian A/gw-exchanger/internal/app/app.go","line":75},"msg":"gRPC сервер инициализирован","port":"50051"}
{"time":"2025-11-23T05:16:00.1248836+03:00","level":"INFO","source":{"function":"gw-exchanger/internal/app.(*App).Run","file":"D:/GolagProjects/varian A/gw-exchanger/internal/app/app.go","line":87},"msg":"gRPC сервер запускается","port":"50051"}
{"time":"2025-11-23T05:16:13.3075244+03:00","level":"INFO","source":{"function":"gw-exchanger/internal/app.(*App).Run","file":"D:/GolagProjects/varian A/gw-exchanger/internal/app/app.go","line":105},"msg":"получен сигнал завершения","signal":"interrupt"}
{"time":"2025-11-23T05:16:13.3075244+03:00","level":"INFO","source":{"function":"gw-exchanger/internal/app.(*App).Run","file":"D:/GolagProjects/varian A/gw-exchanger/internal/app/app.go","line":108},"msg":"приложение останавливается"}
{"time":"2025-11-23T05:16:13.3075244+03:00","level":"INFO","source":{"function":"gw-exchanger/internal/app.(*App).Run","file":"D:/GolagProjects/varian A/gw-exchanger/internal/app/app.go","line":111},"msg":"остановка gRPC сервера"}
{"time":"2025-11-23T05:16:13.3086962+03:00","level":"INFO","source":{"function":"gw-exchanger/internal/app.(*App).Run","file":"D:/GolagProjects/varian A/gw-exchanger/internal/app/app.go","line":115},"msg":"закрытие соединения с базой данных"}
{"time":"2025-11-23T05:16:13.3136884+03:00","level":"INFO","source":{"function":"gw-exchanger/internal/app.(*App).Run","file":"D:/GolagProjects/varian A/gw-exchanger/internal/app/app.go","line":118},"msg":"приложение остановлено"}
{"time":"2025-11-23T05:16:57.2479084+03:00","level":"INFO","source":{"function":"gw-exchanger/internal/app.NewApp","file":"D:/GolagProjects/varian A/gw-exchanger/internal/app/app.go","line":35},"msg":"инициализация gw-exchanger приложения"}
{"time":"2025-11-23T05:16:57.2623072+03:00","level":"INFO","source":{"function":"gw-exchanger/internal/app.NewApp","file":"D:/GolagProjects/varian A/gw-exchanger/internal/app/app.go","line":42},"msg":"конфигурация загружена","grpc_port":"50051"}
{"time":"2025-11-23T05:16:57.2623072+03:00","level":"INFO","source":{"function":"gw-exchanger/internal/app.NewApp","file":"D:/GolagProjects/varian A/gw-exchanger/internal/app/app.go","line":45},"msg":"выполнение миграций базы данных"}
{"time":"2025-11-23T05:16:57.2841693+03:00","level":"INFO","source":{"function":"gw-exchanger/internal/app.NewApp","file":"D:/GolagProjects/varian A/gw-exchanger/internal/app/app.go","line":49},"msg":"миграции успешно применены"}
{"time":"2025-11-23T05:16:57.299125+03:00","level":"INFO","source":{"function":"gw-exchanger/internal/app.NewApp","file":"D:/GolagProjects/varian A/gw-exchanger/internal/app/app.go","line":56},"msg":"подключение к базе данных установлено"}
{"time":"2025-11-23T05:16:57.3007506+03:00","level":"INFO","source":{"function":"gw-exchanger/internal/app.NewApp","file":"D:/GolagProjects/varian A/gw-exchanger/internal/app/app.go","line":75},"msg":"gRPC сервер инициализирован","port":"50051"}
{"time":"2025-11-23T05:16:57.3007506+03:00","level":"INFO","source":{"function":"gw-exchanger/internal/app.(*App).Run","file":"D:/GolagProjects/varian A/gw-exchanger/internal/app/app.go","line":87},"msg":"gRPC сервер запускается","port":"50051"}
{"time":"2025-11-23T05:19:11.4956996+03:00","level":"INFO","source":{"function":"gw-exchanger/internal/app.(*App).Run","file":"D:/GolagProjects/varian A/gw-exchanger/internal/app/app.go","line":105},"msg":"получен сигнал завершения","signal":"interrupt"}
{"time":"2025-11-23T05:19:11.4956996+03:00","level":"INFO","source":{"function":"gw-exchanger/internal/app.(*App).Run","file":"D:/GolagProjects/varian A/gw-exchanger/internal/app/app.go","line":108},"msg":"приложение останавливается"}
{"time":"2025-11-23T05:19:11.4966997+03:00","level":"INFO","source":{"function":"gw-exchanger/internal/app.(*App).Run","file":"D:/GolagProjects/varian A/gw-exchanger/internal/app/app.go","line":111},"msg":"остановка gRPC сервера"}
{"time":"2025-11-23T05:19:11.4972045+03:00","level":"INFO","source":{"function":"gw-exchanger/internal/app.(*App).Run","file":"D:/GolagProjects/varian A/gw-exchanger/internal/app/app.go","line":115},"msg":"закрытие соединения с базой данных"}
{"time":"2025-11-23T05:19:11.4991037+03:00","level":"INFO","source":{"function":"gw-exchanger/internal/app.(*App).Run","file":"D:/GolagProjects/varian A/gw-exchanger/internal/app/app.go","line":118},"msg":"приложение остановлено"}
{"time":"2025-11-23T05:19:12.4614104+03:00","level":"INFO","source":{"function":"gw-exchanger/internal/app.NewApp","file":"D:/GolagProjects/varian A/gw-exchanger/internal/app/app.go","line":35},"msg":"инициализация gw-exchanger приложения"}
{"time":"2025-11-23T05:19:12.4783777+03:00","level":"INFO","source":{"function":"gw-exchanger/internal/app.NewApp","file":"D:/GolagProjects/varian A/gw-exchanger/internal/app/app.go","line":42},"msg":"конфигурация загружена","grpc_port":"50051"}
{"time":"2025-11-23T05:19:12.4783777+03:00","level":"INFO","source":{"function":"gw-exchanger/internal/app.NewApp","file":"D:/GolagProjects/varian A/gw-exchanger/internal/app/app.go","line":45},"msg":"выполнение миграций базы данных"}
{"time":"2025-11-23T05:19:12.5862192+03:00","level":"INFO","source":{"function":"gw-exchanger/internal/app.NewApp","file":"D:/GolagProjects/varian A/gw-exchanger/internal/app/app.go","line":49},"msg":"миграции успешно применены"}
{"time":"2025-11-23T05:19:12.6051828+03:00","level":"INFO","source":{"function":"gw-exchanger/internal/app.NewApp","file":"D:/GolagProjects/varian A/gw-exchanger/internal/app/app.go","line":56},"msg":"подключение к базе данных установлено"}
{"time":"2025-11-23T05:19:12.6094194+03:00","level":"INFO","source":{"function":"gw-exchanger/internal/app.NewApp","file":"D:/GolagProjects/varian A/gw-exchanger/internal/app/app.go","line":75},"msg":"gRPC сервер инициализирован","port":"50051"}
{"time":"2025-11-23T05:19:12.6099399+03:00","level":"INFO","source":{"function":"gw-exchanger/internal/app.(*App).Run","file":"D:/GolagProjects/varian A/gw-exchanger/internal/app/app.go","line":87},"msg":"gRPC сервер запускается","port":"50051"}
{"time":"2025-11-23T05:19:34.4270916+03:00","level":"INFO","source":{"function":"gw-exchanger/internal/app.(*App).Run","file":"D:/GolagProjects/varian A/gw-exchanger/internal/app/app.go","line":105},"msg":"получен сигнал завершения","signal":"interrupt"}
{"time":"2025-11-23T05:19:34.4270916+03:00","level":"INFO","source":{"function":"gw-exchanger/internal/app.(*App).Run","file":"D:/GolagProjects/varian A/gw-exchanger/internal/app/app.go","line":108},"msg":"приложение останавливается"}
{"time":"2025-11-23T05:19:34.4270916+03:00","level":"INFO","source":{"function":"gw-exchanger/internal/app.(*App).Run","file":"D:/GolagProjects/varian A/gw-exchanger/internal/app/app.go","line":111},"msg":"остановка gRPC сервера"}
{"time":"2025-11-23T05:19:34.4275979+03:00","level":"INFO","source":{"function":"gw-exchanger/internal/app.(*App).Run","file":"D:/GolagProjects/varian A/gw-exchanger/internal/app/app.go","line":115},"msg":"закрытие соединения с базой данных"}
{"time":"2025-11-23T05:19:34.4275979+03:00","level":"INFO","source":{"function":"gw-exchanger/internal/app.(*App).Run","file":"D:/GolagProjects/varian A/gw-exchanger/internal/app/app.go","line":118},"msg":"приложение остановлено"}
{"time":"2025-11-23T05:20:45.2627299+03:00","level":"INFO","source":{"function":"gw-exchanger/internal/app.NewApp","file":"D:/GolagProjects/varian A/gw-exchanger/internal/app/app.go","line":35},"msg":"инициализация gw-exchanger приложения"}
{"time":"2025-11-23T05:20:45.2782278+03:00","level":"INFO","source":{"function":"gw-exchanger/internal/app.NewApp","file":"D:/GolagProjects/varian A/gw-exchanger/internal/app/app.go","line":42},"msg":"конфигурация загружена","grpc_port":"50051"}
{"time":"2025-11-23T05:20:45.2782278+03:00","level":"INFO","source":{"function":"gw-exchanger/internal/app.NewApp","file":"D:/GolagProjects/varian A/gw-exchanger/internal/app/app.go","line":45},"msg":"выполнение миграций базы данных"}
{"time":"2025-11-23T05:20:45.3036502+03:00","level":"INFO","source":{"function":"gw-exchanger/internal/app.NewApp","file":"D:/GolagProjects/varian A/gw-exchanger/internal/app/app.go","line":49},"msg":"миграции успешно применены"}
{"time":"2025-11-23T05:20:45.3205388+03:00","level":"INFO","source":{"function":"gw-exchanger/internal/app.NewApp","file":"D:/GolagProjects/varian A/gw-exchanger/internal/app/app.go","line":56},"msg":"подключение к базе данных установлено"}
{"time":"2025-11-23T05:20:45.3258904+03:00","level":"INFO","source":{"function":"gw-exchanger/internal/app.NewApp","file":"D:/GolagProjects/varian A/gw-exchanger/internal/app/app.go","line":75},"msg":"gRPC сервер инициализирован","port":"50051"}
{"time":"2025-11-23T05:20:45.3269471+03:00","level":"INFO","source":{"function":"gw-exchanger/internal/app.(*App).Run","file":"D:/GolagProjects/varian A/gw-exchanger/internal/app/app.go","line":87},"msg":"gRPC сервер запускается","port":"50051"}
{"time":"2025-11-23T05:23:25.6748629+03:00","level":"INFO","source":{"function":"gw-exchanger/internal/app.(*App).Run","file":"D:/GolagProjects/varian A/gw-exchanger/internal/app/app.go","line":105},"msg":"получен сигнал завершения","signal":"interrupt"}
{"time":"2025-11-23T05:23:25.6748629+03:00","level":"INFO","source":{"function":"gw-exchanger/internal/app.(*App).Run","file":"D:/GolagProjects/varian A/gw-exchanger/internal/app/app.go","line":108},"msg":"приложение останавливается"}
{"time":"2025-11-23T05:23:25.6748629+03:00","level":"INFO","source":{"function":"gw-exchanger/internal/app.(*App).Run","file":"D:/GolagProjects/varian A/gw-exchanger/internal/app/app.go","line":111},"msg":"остановка gRPC сервера"}
{"time":"2025-11-23T05:23:25.675367+03:00","level":"INFO","source":{"function":"gw-exchanger/internal/app.(*App).Run","file":"D:/GolagProjects/varian A/gw-exchanger/internal/app/app.go","line":115},"msg":"закрытие соединения с базой данных"}
{"time":"2025-11-23T05:23:25.683297+03:00","level":"INFO","source":{"function":"gw-exchanger/internal/app.(*App).Run","file":"D:/GolagProjects/varian A/gw-exchanger/internal/app/app.go","line":118},"msg":"приложение остановлено"}
{"time":"2025-11-23T05:32:45.087125+03:00","level":"INFO","source":{"function":"gw-exchanger/internal/app.NewApp","file":"D:/GolagProjects/varian A/gw-exchanger/internal/app/app.go","line":35},"msg":"инициализация gw-exchanger приложения"}
{"time":"2025-11-23T05:32:45.1012212+03:00","level":"INFO","source":{"function":"gw-exchanger/internal/app.NewApp","file":"D:/GolagProjects/varian A/gw-exchanger/internal/app/app.go","line":42},"msg":"конфигурация загружена","grpc_port":"50051"}
{"time":"2025-11-23T05:32:45.1012212+03:00","level":"INFO","source":{"function":"gw-exchanger/internal/app.NewApp","file":"D:/GolagProjects/varian A/gw-exchanger/internal/app/app.go","line":45},"msg":"выполнение миграций базы данных"}
{"time":"2025-11-23T05:32:45.1234124+03:00","level":"INFO","source":{"function":"gw-exchanger/internal/app.NewApp","file":"D:/GolagProjects/varian A/gw-exchanger/internal/app/app.go","line":49},"msg":"миграции успешно применены"}
{"time":"2025-11-23T05:32:45.1354313+03:00","level":"INFO","source":{"function":"gw-exchanger/internal/app.NewApp","file":"D:/GolagProjects/varian A/gw-exchanger/internal/app/app.go","line":56},"msg":"подключение к базе данных установлено"}
{"time":"2025-11-23T05:32:45.1398+03:00","level":"INFO","source":{"function":"gw-exchanger/internal/app.NewApp","file":"D:/GolagProjects/varian A/gw-exchanger/internal/app/app.go","line":75},"msg":"gRPC сервер инициализирован","port":"50051"}
{"time":"2025-11-23T05:32:45.1398+03:00","level":"INFO","source":{"function":"gw-exchanger/internal/app.(*App).Run","file":"D:/GolagProjects/varian A/gw-exchanger/internal/app/app.go","line":87},"msg":"gRPC сервер запускается","port":"50051"}
{"time":"2025-11-23T05:51:13.9884238+03:00","level":"INFO","source":{"function":"gw-exchanger/internal/app.(*App).Run","file":"D:/GolagProjects/varian A/gw-exchanger/internal/app/app.go","line":105},"msg":"получен сигнал завершения","signal":"interrupt"}
{"time":"2025-11-23T05:51:13.9884238+03:00","level":"INFO","source":{"function":"gw-exchanger/internal/app.(*App).Run","file":"D:/GolagProjects/varian A/gw-exchanger/internal/app/app.go","line":108},"msg":"приложение останавливается"}
{"time":"2025-11-23T05:51:13.9884238+03:00","level":"INFO","source":{"function":"gw-exchanger/internal/app.(*App).Run","file":"D:/GolagProjects/varian A/gw-exchanger/internal/app/app.go","line":111},"msg":"остановка gRPC сервера"}
{"time":"2025-11-23T05:51:13.9884238+03:00","level":"INFO","source":{"function":"gw-exchanger/internal/app.(*App).Run","file":"D:/GolagProjects/varian A/gw-exchanger/internal/app/app.go","line":115},"msg":"закрытие соединения с базой данных"}
{"time":"2025-11-23T05:51:13.9970995+03:00","level":"INFO","source":{"function":"gw-exchanger/internal/app.(*App).Run","file":"D:/GolagProjects/varian A/gw-exchanger/internal/app/app.go","line":118},"msg":"приложение остановлено"}
